$require base-systemd.lst
$mkdir /boot/grub
$write /boot/grub/grub.cfg 'linux /boot/kernel\ninitrd /boot/initramfs\nboot'
$write /etc/hostname 'backup'
$require mysql.lst
$require samba.lst
$write /etc/samba/smb.conf '[global]\nmap to guest = Bad User\nunix charset = utf-8\ndeadtime = 15\n\n[export]\nguest ok=yes\nwritable=no\npath=/var/lib/backup/export\nacl check permissions=no\n'
$require cron-systemd.lst
$require nfs.lst
$write /etc/exports '#/var/lib/backup/head *(ro,no_subtree_check)'
$require python.lst
$package sys-fs/btrfs-progs
$package net-misc/rsync
$mkdir /var/lib/backup
$write /etc/rsyncd.conf 'pid file = /var/run/rsyncd.pid\nuse chroot = yes\nread only = no\nwrite only = yes\nuid = root\ngid = root\n\n[backup]\n\tpath = /var/lib/backup/head\n\tcomment = Backup area'
$exec "systemctl enable rsyncd"
$exec "groupadd -g 34 backup"
$exec "useradd -c '' -d /var/backup -M -u 34 -g backup -s /sbin/nologin backup"
$copy resource/install-system-image /usr/sbin/
$require zabbix-agent.lst

