# set sys-fs/xfsprogs app-editors/nvi

$require base.lst
$package sys-apps/systemd
$package sys-apps/gentoo-systemd-integration
$package sys-apps/util-linux
$package sys-apps/dbus
#sys-libs/libcap
$package sys-apps/acl
#dev-libs/libgcrypt
$package app-arch/lz4
$package sys-libs/pam
#dev-libs/libpcre2
#sys-libs/libseccomp
$package sys-apps/kmod

$package net-misc/openssh
$sed /etc/ssh/sshd_config 's/^#PermitRootLogin prohibit-password$/PermitRootLogin yes/'
$mkdir /root/.ssh --mode=700
$touch /root/.ssh/authorized_keys
$exec "systemctl enable sshd"

$write /etc/systemd/network/50-eth0.network "[Match]\nName=eth0\n[Network]\nDHCP=yes\nMulticastDNS=yes\nLLMNR=yes"
$mkdir /etc/systemd/dnssd
$exec "systemctl enable systemd-networkd"
$exec "systemctl enable systemd-resolved"

$write /etc/systemd/system/rc-local.service "[Unit]\nDescription=/etc/rc.local Compatibility\nConditionPathExists=/etc/rc.local\n\n[Service]\nType=forking\nExecStart=/etc/rc.local start\nTimeoutSec=0\nStandardOutput=tty\nRemainAfterExit=yes\nSysVStartPriority=99\n\n[Install]\nWantedBy=multi-user.target"
$write /etc/rc.local "#!/bin/sh\nexit 0"
$exec "chmod +x /etc/rc.local"

$sed /lib/systemd/system/systemd-firstboot.service 's/ --prompt.*$//'
