$require base-systemd.lst

$exec 'rm -rf /usr/lib/gcc/x86_64-pc-linux-gnu/*/{32,plugin}'
$package kmod

#install script
$package dosfstools
$package parted
$require grub-i386-pc.lst
$require kbd-minimal.lst

#lvm
$package sys-fs/lvm2
#$exec "systemctl enable lvm2-lvmetad"

/bin/ip
/usr/bin/awk
$dir /lib/modules/$KERNEL_VERSION
$mkdir /boot/grub
#$exec "cp -a /usr/lib/grub/i386-pc/. /boot/grub/"
$write /boot/grub/grub.cfg 'if [ -f ($BOOT_PARTITION)/system.img ]; then source ($BOOT_PARTITION)/system.cfg; loopback loop2 ($BOOT_PARTITION)/system.img; set root=loop2; set prefix=($root)/boot/grub; normal; set root=loop; set prefix=($root)/boot/grub; else'
$write --append /boot/grub/grub.cfg 'echo "SYSTEM.IMG not found."; fi'
$write --append /boot/grub/grub.cfg 'echo "Booting rescue environment with Linux __VERSION__..."'
$write --append /boot/grub/grub.cfg 'probe -u $BOOT_PARTITION --set=BOOT_PARTITION_UUID'
$write --append /boot/grub/grub.cfg 'echo "/boot/kernel boot_partition_uuid=$BOOT_PARTITION_UUID system_image=/efi/boot/bootx64.efi system_image_offset=1048576 net.ifnames=0 edd=off"'
$write --append /boot/grub/grub.cfg 'linux /boot/kernel boot_partition_uuid=$BOOT_PARTITION_UUID system_image=/efi/boot/bootx64.efi system_image_offset=1048576 net.ifnames=0 edd=off'
$write --append /boot/grub/grub.cfg 'initrd /boot/initramfs\nboot'

/usr/sbin/lspci
/usr/share/misc/pci.ids.gz
/usr/share/misc/usb.ids.gz
/usr/bin/lsscsi

$sed /boot/grub/grub.cfg "s/__VERSION__/$WALBRIX_VERSION/g"

$require hostapd.lst

/usr/bin/iperf3

$package sys-fs/btrfs-progs
$require xfsprogs.lst
$package sys-fs/exfat-utils
$package screen
/usr/bin/beep
$package lshw
$package usbutils
$require timezone-jp.lst
$sed /etc/ssh/sshd_config 's/^#PermitEmptyPasswords no$/PermitEmptyPasswords yes/'

$copy resource/bootx64/install /usr/sbin/
$del -f /usr/bin/install

$require busybox.lst

$exec 'cd /bin && for i in grep egrep fgrep; do rm -f $i && ln -s busybox $i; done'
$sed /etc/bash/bashrc 's/alias .\?grep=.\+$//'   #need to remove aliases which is not appropriate fot busybox's greps

$exec ldconfig

$copy resource/bootx64/grub-embed.cfg /var/tmp/grub.cfg
$exec --overlay 'grub-mkimage -p /boot/grub -c /var/tmp/grub.cfg -o /done -O x86_64-efi xfs fat part_gpt part_msdos normal linux echo all_video test multiboot multiboot2 search sleep iso9660 gzio lvm chain configfile cpuid minicmd gfxterm_background png font terminal squash4 loopback videoinfo videotest blocklist probe efi_gop efi_uga && rm /var/tmp/grub.cfg'
