$require base-systemd.lst

$package kmod

#install script
$package dosfstools
$package parted
$require grub-i386-pc.lst

$write /etc/hostname rescue

/bin/ip
/usr/bin/awk
$dir /lib/modules/$KERNEL_VERSION
$mkdir /boot/grub
$write /boot/grub/grub.cfg 'if [ -f ($BOOT_PARTITION)/system.img ]; then source ($BOOT_PARTITION)/system.cfg; loopback loop2 ($BOOT_PARTITION)/system.img; set root=loop2; set prefix=($root)/boot/grub; normal; set root=loop; set prefix=($root)/boot/grub; else'
$write --append /boot/grub/grub.cfg 'echo "SYSTEM.IMG not found."; fi'
$write --append /boot/grub/grub.cfg 'echo "Booting rescue environment with Linux __VERSION__..."'
$write --append /boot/grub/grub.cfg 'linux /boot/kernel boot_partition_uuid=$BOOT_PARTITION_UUID net.ifnames=0 edd=off intel_iommu=off amd_iommu=off'
$write --append /boot/grub/grub.cfg 'initrd /boot/initramfs\nboot'

/bin/sed
/usr/sbin/lspci
/usr/share/misc/pci.ids.gz
/usr/share/misc/usb.ids.gz
/usr/bin/lsscsi

$sed /boot/grub/grub.cfg "s/__VERSION__/$WALBRIX_VERSION/g"

$require wpa_supplicant.lst
$sed /lib/systemd/system/wpa_supplicant@.service 's/-i%I$/-i%I -Dnl80211,wext/'
$write /etc/wpa_supplicant/wpa_supplicant-wlan0.conf 'network={\nscan_ssid=1\nssid="YOUR-SSID"\npsk="YOUR-KEY"\npriority=1\n}'
$copy resource/gpgpu/enable-wifi /usr/sbin/
$copy resource/gpgpu/setup-wifi /usr/sbin/

$package sys-fs/btrfs-progs
/usr/bin/strace
/usr/bin/telnet
$package screen
/usr/bin/beep
$package lshw
$package usbutils
$require timezone-jp.lst
$sed /etc/ssh/sshd_config 's/^#PermitEmptyPasswords no$/PermitEmptyPasswords yes/'

$exec ldconfig

$exec --overlay "echo -n 'set BOOT_PARTITION=$root\nloopback --offset1m loop /efi/boot/bootx64.efi\nset root=loop\nset prefix=($root)/boot/grub\n' > /tmp/grub.cfg && grub-mkimage -p /boot/grub -c /tmp/grub.cfg -o /done -O x86_64-efi xfs fat part_gpt part_msdos normal linux echo all_video test multiboot multiboot2 search sleep iso9660 gzio lvm chain configfile cpuid minicmd gfxterm font terminal squash4 loopback videoinfo videotest blocklist probe"
