/bin/busybox

# reduce /usr/bin
$del -f /usr/bin/gawk /usr/bin/awk
$symlink /usr/bin/awk /bin/busybox
$del -f /usr/bin/pr
$symlink /usr/bin/telnet /bin/busybox
$del -f /usr/bin/pinky
$del -f /usr/bin/localedef
$exec 'cd /usr/bin/ && for i in find top stat eject factor xargs ipcs cal shred sha512sum split shuf sha256sum hexdump [ who script sha1sum printf test uniq md5sum realpath last timeout nl id sum tac comm expand tee unexpand base64 truncate arch nohup nproc paste cksum nice nsenter users link printenv unlink whoami flock chrt pmap fallocate ipcrm scriptreplay ionice unshare pgrep pkill watch w free setarch pidof getopt rev setsid pwdx renice uptime clear; do rm -f $i && ln -s /bin/busybox $i; done'

# reduce /bin
$symlink /bin/sed busybox
$del -f /bin/ln
$symlink /bin/ln busybox
$del -f /bin/rm
$symlink /bin/rm busybox
$exec 'cd /bin && for i in tar netstat ps ls mv cp sort du date df touch gzip dmesg stty dd ifconfig tail passwd chown route chgrp chmod ping login mkdir seq tr su ec mktemp expr head readlink rmdir chroot cut cat env mknod more fuser pwd uname mkfifo sync basename dirname echo sleep tty yes false true kill arping mountpoint hostname groups; do rm -f $i && ln -s busybox $i; done'

# reduce /usr/sbin
$exec 'cd /usr/sbin/ && for i in chpasswd sysctl partprobe; do rm -f $i && ln -s /bin/busybox $i; done'
