$package dev-python/pytz
$package dev-python/idna
$package dev-python/configargparse
$package dev-python/configobj
$package dev-python/distro
$package dev-python/future
$package dev-python/ply
$package dev-python/chardet
$package dev-python/PySocks
$package dev-python/pyrfc3339
$require zope-interface.lst
$package dev-python/parsedatetime
$package dev-python/zope-event
$package dev-python/pycparser
$package dev-python/zope-component
$package dev-python/cffi
$package dev-python/cryptography
$require pyopenssl.lst
$package dev-python/josepy
$package dev-python/urllib3
$package dev-python/requests
$package dev-python/requests-toolbelt
$package app-crypt/acme
$package app-crypt/certbot
$package dev-python/six
$package dev-python/certifi
$package dev-python/setuptools
$package dev-python/pip
$require google-api-python-client.lst

$mkdir /etc/letsencrypt/renewal-hooks/deploy
$write /etc/letsencrypt/cli.ini 'authenticator = webroot\nwebroot-path = /var/www/localhost/htdocs\n#register-unsafely-without-email = True\n#agree-tos = True\n'
$copy resource/certbot/certbot-renew /etc/cron.weekly/certbot-renew

