$require domU.lst
$require domU-overlayfs-kernel.lst
$require cron.lst
$require flask-sqlalchemy.lst
$package dev-python/beautifulsoup --exclude='^/usr/lib(64)?/(python3.*/|.*\.egg-info(\/|$)|.+\.py(c|o)$)'
$package dev-python/feedparser --exclude='^/usr/lib(64)?/(python3.*/|.*\.egg-info(\/|$)|.+\.py(c|o)$)'
$package dev-python/httplib2 --exclude='^/usr/lib(64)?/(python3.2/|.*\.egg-info(\/|$)|.+\.py(c|o)$)'
$require git.lst
$require emacs.lst
$require vim.lst
$require s3cmd.lst
$require tomcat.lst
$require scala.lst
$require sbt.lst
$require mysql-python.lst
$require uwsgi.lst
$package app-admin/logrotate
$require postfix.lst
$package dev-python/feedgenerator
$package dev-python/pyyaml
#$package dev-python/imaging --use="jpeg tiff truetype zlib"
$require mroonga.lst
$package app-misc/screen
$package app-misc/tmux
$require wkhtmltopdf.lst
$require py-gfm.lst
$require requests.lst
$package sys-apps/dstat
$require iptables.lst

# docker
$package dev-lang/go
$require perl.lst # for shasum command
$package app-emulation/docker --use="aufs overlay -device-mapper"
$symlink /etc/runlevels/default/docker /etc/init.d/docker


# example redirecting port 80 -> 8080
$write /var/lib/iptables/rules-save.example "*nat\n-A PREROUTING -p tcp -m tcp --dport 80 -j REDIRECT --to-ports 8080\nCOMMIT"

$sed /etc/conf.d/hostname 's/^\(hostname="\).*\("\)$/\1ftsm\2/'
