$package dev-vcs/git

$exec "for i in 'git-remote-ftp git-remote-https git-remote-http'; do rm /usr/libexec/git-core/$i && ln -s git-remote-ftps /usr/libexec/git-core/$i; done"

#/usr/libexec/git-core/git-remote-ftps   
#chrootexec rm /usr/libexec/git-core/git-remote-ftp && ln -s git-remote-ftps /usr/libexec/git-core/git-remote-ftp
#chrootexec rm /usr/libexec/git-core/git-remote-https && ln -s git-remote-ftps /usr/libexec/git-core/git-remote-https
#chrootexec rm /usr/libexec/git-core/git-remote-http && ln -s git-remote-ftps /usr/libexec/git-core/git-remote-http

#/usr/libexec/git-core/git-instaweb
#chrootexec rm /usr/libexec/git-core/git-cvsimport && ln -s git-instaweb /usr/libexec/git-core/git-cvsimport
#chrootexec rm /usr/libexec/git-core/git-relink && ln -s git-instaweb /usr/libexec/git-core/git-relink
#chrootexec rm /usr/libexec/git-core/git-difftool && ln -s git-instaweb /usr/libexec/git-core/git-difftool
#chrootexec rm /usr/libexec/git-core/git-cvsserver && ln -s git-instaweb /usr/libexec/git-core/git-cvsserver
#chrootexec rm /usr/libexec/git-core/git-cvsexportcommit && ln -s git-instaweb /usr/libexec/git-core/git-cvsexportcommit
#chrootexec rm /usr/libexec/git-core/git-send-email && ln -s git-instaweb /usr/libexec/git-core/git-send-email
#chrootexec rm /usr/libexec/git-core/git-archimport && ln -s git-instaweb /usr/libexec/git-core/git-archimport
#chrootexec rm /usr/libexec/git-core/git-add--interactive && ln -s git-instaweb /usr/libexec/git-core/git-add--interactive

#/usr/libexec/git-core/git-write-tree
#chrootexec rm /usr/libexec/git-core/git-ls-remote && ln -s git-write-tree /usr/libexec/git-core/git-ls-remote
#chrootexec rm /usr/libexec/git-core/git-whatchanged && ln -s git-write-tree /usr/libexec/git-core/git-whatchanged
#chrootexec rm /usr/libexec/git-core/git-ls-files && ln -s git-write-tree /usr/libexec/git-core/git-ls-files
#chrootexec rm /usr/libexec/git-core/git-verify-tag && ln -s git-write-tree /usr/libexec/git-core/git-verify-tag
#chrootexec rm /usr/libexec/git-core/git-log && ln -s git-write-tree /usr/libexec/git-core/git-log
#chrootexec rm /usr/libexec/git-core/git-verify-pack && ln -s git-write-tree /usr/libexec/git-core/git-verify-pack
#chrootexec rm /usr/libexec/git-core/git-pack-refs && ln -s git-write-tree /usr/libexec/git-core/git-pack-refs
#chrootexec rm /usr/libexec/git-core/git-bisect--helper && ln -s git-write-tree /usr/libexec/git-core/git-bisect--helper
#chrootexec rm /usr/libexec/git-core/git-upload-archive && ln -s git-write-tree /usr/libexec/git-core/git-upload-archive
#chrootexec rm /usr/libexec/git-core/git-patch-id && ln -s git-write-tree /usr/libexec/git-core/git-patch-id
#chrootexec rm /usr/libexec/git-core/git-archive && ln -s git-write-tree /usr/libexec/git-core/git-archive
#chrootexec rm /usr/libexec/git-core/git-update-server-info && ln -s git-write-tree /usr/libexec/git-core/git-update-server-info
#chrootexec rm /usr/libexec/git-core/git-init-db && ln -s git-write-tree /usr/libexec/git-core/git-init-db
#chrootexec rm /usr/libexec/git-core/git-update-ref && ln -s git-write-tree /usr/libexec/git-core/git-update-ref
#chrootexec rm /usr/libexec/git-core/git-index-pack && ln -s git-write-tree /usr/libexec/git-core/git-index-pack
#chrootexec rm /usr/libexec/git-core/git-status && ln -s git-write-tree /usr/libexec/git-core/git-status
#chrootexec rm /usr/libexec/git-core/git-help && ln -s git-write-tree /usr/libexec/git-core/git-help
#chrootexec rm /usr/libexec/git-core/git-stage && ln -s git-write-tree /usr/libexec/git-core/git-stage
#chrootexec rm /usr/libexec/git-core/git-hash-object && ln -s git-write-tree /usr/libexec/git-core/git-hash-object
#chrootexec rm /usr/libexec/git-core/git-show && ln -s git-write-tree /usr/libexec/git-core/git-show
#chrootexec rm /usr/libexec/git-core/git-grep && ln -s git-write-tree /usr/libexec/git-core/git-grep
#chrootexec rm /usr/libexec/git-core/git-cherry && ln -s git-write-tree /usr/libexec/git-core/git-cherry
##chrootexec rm /usr/libexec/git-core/git-repo-config && ln -s git-write-tree /usr/libexec/git-core/git-repo-config
#chrootexec rm /usr/libexec/git-core/git-gc && ln -s git-write-tree /usr/libexec/git-core/git-gc
##chrootexec rm /usr/libexec/git-core/git-peek-remote && ln -s git-write-tree /usr/libexec/git-core/git-peek-remote
#chrootexec rm /usr/libexec/git-core/git-pack-redundant && ln -s git-write-tree /usr/libexec/git-core/git-pack-redundant
#chrootexec rm /usr/libexec/git-core/git && ln -s git-write-tree /usr/libexec/git-core/git
#chrootexec rm /usr/libexec/git-core/git-merge-subtree && ln -s git-write-tree /usr/libexec/git-core/git-merge-subtree
#chrootexec rm /usr/libexec/git-core/git-fsck && ln -s git-write-tree /usr/libexec/git-core/git-fsck
#chrootexec rm /usr/libexec/git-core/git-init && ln -s git-write-tree /usr/libexec/git-core/git-init
#chrootexec rm /usr/libexec/git-core/git-pack-objects && ln -s git-write-tree /usr/libexec/git-core/git-pack-objects
#chrootexec rm /usr/libexec/git-core/git-get-tar-commit-id && ln -s git-write-tree /usr/libexec/git-core/git-get-tar-commit-id
#chrootexec rm /usr/libexec/git-core/git-merge-ours && ln -s git-write-tree /usr/libexec/git-core/git-merge-ours
#chrootexec rm /usr/libexec/git-core/git-fsck-objects && ln -s git-write-tree /usr/libexec/git-core/git-fsck-objects
#chrootexec rm /usr/libexec/git-core/git-merge-index && ln -s git-write-tree /usr/libexec/git-core/git-merge-index
#chrootexec rm /usr/libexec/git-core/git-format-patch && ln -s git-write-tree /usr/libexec/git-core/git-format-patch
#chrootexec rm /usr/libexec/git-core/git-for-each-ref && ln -s git-write-tree /usr/libexec/git-core/git-for-each-ref
#chrootexec rm /usr/libexec/git-core/git-cherry-pick && ln -s git-write-tree /usr/libexec/git-core/git-cherry-pick
#chrootexec rm /usr/libexec/git-core/git-merge-file && ln -s git-write-tree /usr/libexec/git-core/git-merge-file
#chrootexec rm /usr/libexec/git-core/git-repack && ln -s git-write-tree /usr/libexec/git-core/git-repack
#chrootexec rm /usr/libexec/git-core/git-update-index && ln -s git-write-tree /usr/libexec/git-core/git-update-index
#chrootexec rm /usr/libexec/git-core/git-merge-base && ln -s git-write-tree /usr/libexec/git-core/git-merge-base
#chrootexec rm /usr/libexec/git-core/git-unpack-objects && ln -s git-write-tree /usr/libexec/git-core/git-unpack-objects
#chrootexec rm /usr/libexec/git-core/git-fmt-merge-msg && ln -s git-write-tree /usr/libexec/git-core/git-fmt-merge-msg
#chrootexec rm /usr/libexec/git-core/git-unpack-file && ln -s git-write-tree /usr/libexec/git-core/git-unpack-file
#chrootexec rm /usr/libexec/git-core/git-fetch && ln -s git-write-tree /usr/libexec/git-core/git-fetch
##chrootexec rm /usr/libexec/git-core/git-tar-tree && ln -s git-write-tree /usr/libexec/git-core/git-tar-tree
#chrootexec rm /usr/libexec/git-core/git-bundle && ln -s git-write-tree /usr/libexec/git-core/git-bundle
#chrootexec rm /usr/libexec/git-core/git-tag && ln -s git-write-tree /usr/libexec/git-core/git-tag
#chrootexec rm /usr/libexec/git-core/git-merge && ln -s git-write-tree /usr/libexec/git-core/git-merge
#chrootexec rm /usr/libexec/git-core/git-apply && ln -s git-write-tree /usr/libexec/git-core/git-apply
#chrootexec rm /usr/libexec/git-core/git-symbolic-ref && ln -s git-write-tree /usr/libexec/git-core/git-symbolic-ref
#chrootexec rm /usr/libexec/git-core/git-fetch-pack && ln -s git-write-tree /usr/libexec/git-core/git-fetch-pack
#chrootexec rm /usr/libexec/git-core/git-stripspace && ln -s git-write-tree /usr/libexec/git-core/git-stripspace
#chrootexec rm /usr/libexec/git-core/git-fast-export && ln -s git-write-tree /usr/libexec/git-core/git-fast-export
#chrootexec rm /usr/libexec/git-core/git-show-ref && ln -s git-write-tree /usr/libexec/git-core/git-show-ref
#chrootexec rm /usr/libexec/git-core/git-diff && ln -s git-write-tree /usr/libexec/git-core/git-diff
#chrootexec rm /usr/libexec/git-core/git-show-branch && ln -s git-write-tree /usr/libexec/git-core/git-show-branch
#chrootexec rm /usr/libexec/git-core/git-diff-tree && ln -s git-write-tree /usr/libexec/git-core/git-diff-tree
#chrootexec rm /usr/libexec/git-core/git-shortlog && ln -s git-write-tree /usr/libexec/git-core/git-shortlog
#chrootexec rm /usr/libexec/git-core/git-diff-index && ln -s git-write-tree /usr/libexec/git-core/git-diff-index
#chrootexec rm /usr/libexec/git-core/git-send-pack && ln -s git-write-tree /usr/libexec/git-core/git-send-pack
#chrootexec rm /usr/libexec/git-core/git-branch && ln -s git-write-tree /usr/libexec/git-core/git-branch
#chrootexec rm /usr/libexec/git-core/git-rm && ln -s git-write-tree /usr/libexec/git-core/git-rm
#chrootexec rm /usr/libexec/git-core/git-diff-files && ln -s git-write-tree /usr/libexec/git-core/git-diff-files
#chrootexec rm /usr/libexec/git-core/git-revert && ln -s git-write-tree /usr/libexec/git-core/git-revert
#chrootexec rm /usr/libexec/git-core/git-describe && ln -s git-write-tree /usr/libexec/git-core/git-describe
#chrootexec rm /usr/libexec/git-core/git-rev-parse && ln -s git-write-tree /usr/libexec/git-core/git-rev-parse
#chrootexec rm /usr/libexec/git-core/git-credential && ln -s git-write-tree /usr/libexec/git-core/git-credential
#chrootexec rm /usr/libexec/git-core/git-rev-list && ln -s git-write-tree /usr/libexec/git-core/git-rev-list
#chrootexec rm /usr/libexec/git-core/git-count-objects && ln -s git-write-tree /usr/libexec/git-core/git-count-objects
#chrootexec rm /usr/libexec/git-core/git-reset && ln -s git-write-tree /usr/libexec/git-core/git-reset
#chrootexec rm /usr/libexec/git-core/git-config && ln -s git-write-tree /usr/libexec/git-core/git-config
#chrootexec rm /usr/libexec/git-core/git-rerere && ln -s git-write-tree /usr/libexec/git-core/git-rerere
#chrootexec rm /usr/libexec/git-core/git-commit && ln -s git-write-tree /usr/libexec/git-core/git-commit
#chrootexec rm /usr/libexec/git-core/git-mktree && ln -s git-write-tree /usr/libexec/git-core/git-mktree
#chrootexec rm /usr/libexec/git-core/git-replace && ln -s git-write-tree /usr/libexec/git-core/git-replace
#chrootexec rm /usr/libexec/git-core/git-commit-tree && ln -s git-write-tree /usr/libexec/git-core/git-commit-tree
#chrootexec rm /usr/libexec/git-core/git-remote-fd && ln -s git-write-tree /usr/libexec/git-core/git-remote-fd
#chrootexec rm /usr/libexec/git-core/git-column && ln -s git-write-tree /usr/libexec/git-core/git-column
#chrootexec rm /usr/libexec/git-core/git-var && ln -s git-write-tree /usr/libexec/git-core/git-var
#chrootexec rm /usr/libexec/git-core/git-remote-ext && ln -s git-write-tree /usr/libexec/git-core/git-remote-ext
#chrootexec rm /usr/libexec/git-core/git-clone && ln -s git-write-tree /usr/libexec/git-core/git-clone
#chrootexec rm /usr/libexec/git-core/git-remote && ln -s git-write-tree /usr/libexec/git-core/git-remote
#chrootexec rm /usr/libexec/git-core/git-clean && ln -s git-write-tree /usr/libexec/git-core/git-clean
#chrootexec rm /usr/libexec/git-core/git-reflog && ln -s git-write-tree /usr/libexec/git-core/git-reflog
#chrootexec rm /usr/libexec/git-core/git-mailsplit && ln -s git-write-tree /usr/libexec/git-core/git-mailsplit
#chrootexec rm /usr/libexec/git-core/git-annotate && ln -s git-write-tree /usr/libexec/git-core/git-annotate
#chrootexec rm /usr/libexec/git-core/git-receive-pack && ln -s git-write-tree /usr/libexec/git-core/git-receive-pack
#chrootexec rm /usr/libexec/git-core/git-checkout && ln -s git-write-tree /usr/libexec/git-core/git-checkout
#chrootexec rm /usr/libexec/git-core/git-read-tree && ln -s git-write-tree /usr/libexec/git-core/git-read-tree
#chrootexec rm /usr/libexec/git-core/git-checkout-index && ln -s git-write-tree /usr/libexec/git-core/git-checkout-index
#chrootexec rm /usr/libexec/git-core/git-push && ln -s git-write-tree /usr/libexec/git-core/git-push
#chrootexec rm /usr/libexec/git-core/git-check-ref-format && ln -s git-write-tree /usr/libexec/git-core/git-check-ref-format
#chrootexec rm /usr/libexec/git-core/git-prune && ln -s git-write-tree /usr/libexec/git-core/git-prune
#chrootexec rm /usr/libexec/git-core/git-mailinfo && ln -s git-write-tree /usr/libexec/git-core/git-mailinfo
#chrootexec rm /usr/libexec/git-core/git-add && ln -s git-write-tree /usr/libexec/git-core/git-add
#chrootexec rm /usr/libexec/git-core/git-prune-packed && ln -s git-write-tree /usr/libexec/git-core/git-prune-packed
#chrootexec rm /usr/libexec/git-core/git-notes && ln -s git-write-tree /usr/libexec/git-core/git-notes
#chrootexec rm /usr/libexec/git-core/git-check-ignore && ln -s git-write-tree /usr/libexec/git-core/git-check-ignore
#chrootexec rm /usr/libexec/git-core/git-name-rev && ln -s git-write-tree /usr/libexec/git-core/git-name-rev
#chrootexec rm /usr/libexec/git-core/git-blame && ln -s git-write-tree /usr/libexec/git-core/git-blame
#chrootexec rm /usr/libexec/git-core/git-mv && ln -s git-write-tree /usr/libexec/git-core/git-mv
#chrootexec rm /usr/libexec/git-core/git-check-attr && ln -s git-write-tree /usr/libexec/git-core/git-check-attr
#chrootexec rm /usr/libexec/git-core/git-mktag && ln -s git-write-tree /usr/libexec/git-core/git-mktag
#chrootexec rm /usr/libexec/git-core/git-cat-file && ln -s git-write-tree /usr/libexec/git-core/git-cat-file
#chrootexec rm /usr/libexec/git-core/git-merge-tree && ln -s git-write-tree /usr/libexec/git-core/git-merge-tree
#chrootexec rm /usr/libexec/git-core/git-ls-tree && ln -s git-write-tree /usr/libexec/git-core/git-ls-tree
#chrootexec rm /usr/libexec/git-core/git-merge-recursive && ln -s git-write-tree /usr/libexec/git-core/git-merge-recursive
#chrootexec rm /usr/libexec/git-core/git-check-mailmap && ln -s git-write-tree /usr/libexec/git-core/git-check-mailmap
