$package dev-vcs/git --use="-gpg -perl"

#/usr/libexec/git-core/git-remote-ftps
$exec 'rm /usr/libexec/git-core/git-remote-ftp && ln -s git-remote-ftps /usr/libexec/git-core/git-remote-ftp'
$exec 'rm /usr/libexec/git-core/git-remote-https && ln -s git-remote-ftps /usr/libexec/git-core/git-remote-https'
$exec 'rm /usr/libexec/git-core/git-remote-http && ln -s git-remote-ftps /usr/libexec/git-core/git-remote-http'

#/usr/libexec/git-core/git-instaweb
$exec 'rm /usr/libexec/git-core/git-cvsimport && ln -s git-instaweb /usr/libexec/git-core/git-cvsimport'
$exec 'rm /usr/libexec/git-core/git-relink && ln -s git-instaweb /usr/libexec/git-core/git-relink'
$exec 'rm /usr/libexec/git-core/git-difftool && ln -s git-instaweb /usr/libexec/git-core/git-difftool'
$exec 'rm /usr/libexec/git-core/git-cvsserver && ln -s git-instaweb /usr/libexec/git-core/git-cvsserver'
$exec 'rm /usr/libexec/git-core/git-cvsexportcommit && ln -s git-instaweb /usr/libexec/git-core/git-cvsexportcommit'
$exec 'rm /usr/libexec/git-core/git-send-email && ln -s git-instaweb /usr/libexec/git-core/git-send-email'
$exec 'rm /usr/libexec/git-core/git-archimport && ln -s git-instaweb /usr/libexec/git-core/git-archimport'
$exec 'rm /usr/libexec/git-core/git-add--interactive && ln -s git-instaweb /usr/libexec/git-core/git-add--interactive'

#/usr/libexec/git-core/git-write-tree
$exec 'rm /usr/libexec/git-core/git-ls-remote && ln -s git-write-tree /usr/libexec/git-core/git-ls-remote'
$exec 'rm /usr/libexec/git-core/git-whatchanged && ln -s git-write-tree /usr/libexec/git-core/git-whatchanged'
$exec 'rm /usr/libexec/git-core/git-ls-files && ln -s git-write-tree /usr/libexec/git-core/git-ls-files'
$exec 'rm /usr/libexec/git-core/git-verify-tag && ln -s git-write-tree /usr/libexec/git-core/git-verify-tag'
$exec 'rm /usr/libexec/git-core/git-log && ln -s git-write-tree /usr/libexec/git-core/git-log'
$exec 'rm /usr/libexec/git-core/git-verify-pack && ln -s git-write-tree /usr/libexec/git-core/git-verify-pack'
$exec 'rm /usr/libexec/git-core/git-pack-refs && ln -s git-write-tree /usr/libexec/git-core/git-pack-refs'
$exec 'rm /usr/libexec/git-core/git-bisect--helper && ln -s git-write-tree /usr/libexec/git-core/git-bisect--helper'
$exec 'rm /usr/libexec/git-core/git-upload-archive && ln -s git-write-tree /usr/libexec/git-core/git-upload-archive'
$exec 'rm /usr/libexec/git-core/git-patch-id && ln -s git-write-tree /usr/libexec/git-core/git-patch-id'
$exec 'rm /usr/libexec/git-core/git-archive && ln -s git-write-tree /usr/libexec/git-core/git-archive'
$exec 'rm /usr/libexec/git-core/git-update-server-info && ln -s git-write-tree /usr/libexec/git-core/git-update-server-info'
$exec 'rm /usr/libexec/git-core/git-init-db && ln -s git-write-tree /usr/libexec/git-core/git-init-db'
$exec 'rm /usr/libexec/git-core/git-update-ref && ln -s git-write-tree /usr/libexec/git-core/git-update-ref'
$exec 'rm /usr/libexec/git-core/git-index-pack && ln -s git-write-tree /usr/libexec/git-core/git-index-pack'
$exec 'rm /usr/libexec/git-core/git-status && ln -s git-write-tree /usr/libexec/git-core/git-status'
$exec 'rm /usr/libexec/git-core/git-help && ln -s git-write-tree /usr/libexec/git-core/git-help'
$exec 'rm /usr/libexec/git-core/git-stage && ln -s git-write-tree /usr/libexec/git-core/git-stage'
$exec 'rm /usr/libexec/git-core/git-hash-object && ln -s git-write-tree /usr/libexec/git-core/git-hash-object'
$exec 'rm /usr/libexec/git-core/git-show && ln -s git-write-tree /usr/libexec/git-core/git-show'
$exec 'rm /usr/libexec/git-core/git-grep && ln -s git-write-tree /usr/libexec/git-core/git-grep'
$exec 'rm /usr/libexec/git-core/git-cherry && ln -s git-write-tree /usr/libexec/git-core/git-cherry'
##chrootexec rm /usr/libexec/git-core/git-repo-config && ln -s git-write-tree /usr/libexec/git-core/git-repo-config
$exec 'rm /usr/libexec/git-core/git-gc && ln -s git-write-tree /usr/libexec/git-core/git-gc'
##chrootexec rm /usr/libexec/git-core/git-peek-remote && ln -s git-write-tree /usr/libexec/git-core/git-peek-remote
$exec 'rm /usr/libexec/git-core/git-pack-redundant && ln -s git-write-tree /usr/libexec/git-core/git-pack-redundant'
$exec 'rm /usr/libexec/git-core/git && ln -s git-write-tree /usr/libexec/git-core/git'
$exec 'rm /usr/libexec/git-core/git-merge-subtree && ln -s git-write-tree /usr/libexec/git-core/git-merge-subtree'
$exec 'rm /usr/libexec/git-core/git-fsck && ln -s git-write-tree /usr/libexec/git-core/git-fsck'
$exec 'rm /usr/libexec/git-core/git-init && ln -s git-write-tree /usr/libexec/git-core/git-init'
$exec 'rm /usr/libexec/git-core/git-pack-objects && ln -s git-write-tree /usr/libexec/git-core/git-pack-objects'
$exec 'rm /usr/libexec/git-core/git-get-tar-commit-id && ln -s git-write-tree /usr/libexec/git-core/git-get-tar-commit-id'
$exec 'rm /usr/libexec/git-core/git-merge-ours && ln -s git-write-tree /usr/libexec/git-core/git-merge-ours'
$exec 'rm /usr/libexec/git-core/git-fsck-objects && ln -s git-write-tree /usr/libexec/git-core/git-fsck-objects'
$exec 'rm /usr/libexec/git-core/git-merge-index && ln -s git-write-tree /usr/libexec/git-core/git-merge-index'
$exec 'rm /usr/libexec/git-core/git-format-patch && ln -s git-write-tree /usr/libexec/git-core/git-format-patch'
$exec 'rm /usr/libexec/git-core/git-for-each-ref && ln -s git-write-tree /usr/libexec/git-core/git-for-each-ref'
$exec 'rm /usr/libexec/git-core/git-cherry-pick && ln -s git-write-tree /usr/libexec/git-core/git-cherry-pick'
$exec 'rm /usr/libexec/git-core/git-merge-file && ln -s git-write-tree /usr/libexec/git-core/git-merge-file'
$exec 'rm /usr/libexec/git-core/git-repack && ln -s git-write-tree /usr/libexec/git-core/git-repack'
$exec 'rm /usr/libexec/git-core/git-update-index && ln -s git-write-tree /usr/libexec/git-core/git-update-index'
$exec 'rm /usr/libexec/git-core/git-merge-base && ln -s git-write-tree /usr/libexec/git-core/git-merge-base'
$exec 'rm /usr/libexec/git-core/git-unpack-objects && ln -s git-write-tree /usr/libexec/git-core/git-unpack-objects'
$exec 'rm /usr/libexec/git-core/git-fmt-merge-msg && ln -s git-write-tree /usr/libexec/git-core/git-fmt-merge-msg'
$exec 'rm /usr/libexec/git-core/git-unpack-file && ln -s git-write-tree /usr/libexec/git-core/git-unpack-file'
$exec 'rm /usr/libexec/git-core/git-fetch && ln -s git-write-tree /usr/libexec/git-core/git-fetch'
##chrootexec rm /usr/libexec/git-core/git-tar-tree && ln -s git-write-tree /usr/libexec/git-core/git-tar-tree
$exec 'rm /usr/libexec/git-core/git-bundle && ln -s git-write-tree /usr/libexec/git-core/git-bundle'
$exec 'rm /usr/libexec/git-core/git-tag && ln -s git-write-tree /usr/libexec/git-core/git-tag'
$exec 'rm /usr/libexec/git-core/git-merge && ln -s git-write-tree /usr/libexec/git-core/git-merge'
$exec 'rm /usr/libexec/git-core/git-apply && ln -s git-write-tree /usr/libexec/git-core/git-apply'
$exec 'rm /usr/libexec/git-core/git-symbolic-ref && ln -s git-write-tree /usr/libexec/git-core/git-symbolic-ref'
$exec 'rm /usr/libexec/git-core/git-fetch-pack && ln -s git-write-tree /usr/libexec/git-core/git-fetch-pack'
$exec 'rm /usr/libexec/git-core/git-stripspace && ln -s git-write-tree /usr/libexec/git-core/git-stripspace'
$exec 'rm /usr/libexec/git-core/git-fast-export && ln -s git-write-tree /usr/libexec/git-core/git-fast-export'
$exec 'rm /usr/libexec/git-core/git-show-ref && ln -s git-write-tree /usr/libexec/git-core/git-show-ref'
$exec 'rm /usr/libexec/git-core/git-diff && ln -s git-write-tree /usr/libexec/git-core/git-diff'
$exec 'rm /usr/libexec/git-core/git-show-branch && ln -s git-write-tree /usr/libexec/git-core/git-show-branch'
$exec 'rm /usr/libexec/git-core/git-diff-tree && ln -s git-write-tree /usr/libexec/git-core/git-diff-tree'
$exec 'rm /usr/libexec/git-core/git-shortlog && ln -s git-write-tree /usr/libexec/git-core/git-shortlog'
$exec 'rm /usr/libexec/git-core/git-diff-index && ln -s git-write-tree /usr/libexec/git-core/git-diff-index'
$exec 'rm /usr/libexec/git-core/git-send-pack && ln -s git-write-tree /usr/libexec/git-core/git-send-pack'
$exec 'rm /usr/libexec/git-core/git-branch && ln -s git-write-tree /usr/libexec/git-core/git-branch'
$exec 'rm /usr/libexec/git-core/git-rm && ln -s git-write-tree /usr/libexec/git-core/git-rm'
$exec 'rm /usr/libexec/git-core/git-diff-files && ln -s git-write-tree /usr/libexec/git-core/git-diff-files'
$exec 'rm /usr/libexec/git-core/git-revert && ln -s git-write-tree /usr/libexec/git-core/git-revert'
$exec 'rm /usr/libexec/git-core/git-describe && ln -s git-write-tree /usr/libexec/git-core/git-describe'
$exec 'rm /usr/libexec/git-core/git-rev-parse && ln -s git-write-tree /usr/libexec/git-core/git-rev-parse'
$exec 'rm /usr/libexec/git-core/git-credential && ln -s git-write-tree /usr/libexec/git-core/git-credential'
$exec 'rm /usr/libexec/git-core/git-rev-list && ln -s git-write-tree /usr/libexec/git-core/git-rev-list'
$exec 'rm /usr/libexec/git-core/git-count-objects && ln -s git-write-tree /usr/libexec/git-core/git-count-objects'
$exec 'rm /usr/libexec/git-core/git-reset && ln -s git-write-tree /usr/libexec/git-core/git-reset'
$exec 'rm /usr/libexec/git-core/git-config && ln -s git-write-tree /usr/libexec/git-core/git-config'
$exec 'rm /usr/libexec/git-core/git-rerere && ln -s git-write-tree /usr/libexec/git-core/git-rerere'
$exec 'rm /usr/libexec/git-core/git-commit && ln -s git-write-tree /usr/libexec/git-core/git-commit'
$exec 'rm /usr/libexec/git-core/git-mktree && ln -s git-write-tree /usr/libexec/git-core/git-mktree'
$exec 'rm /usr/libexec/git-core/git-replace && ln -s git-write-tree /usr/libexec/git-core/git-replace'
$exec 'rm /usr/libexec/git-core/git-commit-tree && ln -s git-write-tree /usr/libexec/git-core/git-commit-tree'
$exec 'rm /usr/libexec/git-core/git-remote-fd && ln -s git-write-tree /usr/libexec/git-core/git-remote-fd'
$exec 'rm /usr/libexec/git-core/git-column && ln -s git-write-tree /usr/libexec/git-core/git-column'
$exec 'rm /usr/libexec/git-core/git-var && ln -s git-write-tree /usr/libexec/git-core/git-var'
$exec 'rm /usr/libexec/git-core/git-remote-ext && ln -s git-write-tree /usr/libexec/git-core/git-remote-ext'
$exec 'rm /usr/libexec/git-core/git-clone && ln -s git-write-tree /usr/libexec/git-core/git-clone'
$exec 'rm /usr/libexec/git-core/git-remote && ln -s git-write-tree /usr/libexec/git-core/git-remote'
$exec 'rm /usr/libexec/git-core/git-clean && ln -s git-write-tree /usr/libexec/git-core/git-clean'
$exec 'rm /usr/libexec/git-core/git-reflog && ln -s git-write-tree /usr/libexec/git-core/git-reflog'
$exec 'rm /usr/libexec/git-core/git-mailsplit && ln -s git-write-tree /usr/libexec/git-core/git-mailsplit'
$exec 'rm /usr/libexec/git-core/git-annotate && ln -s git-write-tree /usr/libexec/git-core/git-annotate'
$exec 'rm /usr/libexec/git-core/git-receive-pack && ln -s git-write-tree /usr/libexec/git-core/git-receive-pack'
$exec 'rm /usr/libexec/git-core/git-checkout && ln -s git-write-tree /usr/libexec/git-core/git-checkout'
$exec 'rm /usr/libexec/git-core/git-read-tree && ln -s git-write-tree /usr/libexec/git-core/git-read-tree'
$exec 'rm /usr/libexec/git-core/git-checkout-index && ln -s git-write-tree /usr/libexec/git-core/git-checkout-index'
$exec 'rm /usr/libexec/git-core/git-push && ln -s git-write-tree /usr/libexec/git-core/git-push'
$exec 'rm /usr/libexec/git-core/git-check-ref-format && ln -s git-write-tree /usr/libexec/git-core/git-check-ref-format'
$exec 'rm /usr/libexec/git-core/git-prune && ln -s git-write-tree /usr/libexec/git-core/git-prune'
$exec 'rm /usr/libexec/git-core/git-mailinfo && ln -s git-write-tree /usr/libexec/git-core/git-mailinfo'
$exec 'rm /usr/libexec/git-core/git-add && ln -s git-write-tree /usr/libexec/git-core/git-add'
$exec 'rm /usr/libexec/git-core/git-prune-packed && ln -s git-write-tree /usr/libexec/git-core/git-prune-packed'
$exec 'rm /usr/libexec/git-core/git-notes && ln -s git-write-tree /usr/libexec/git-core/git-notes'
$exec 'rm /usr/libexec/git-core/git-check-ignore && ln -s git-write-tree /usr/libexec/git-core/git-check-ignore'
$exec 'rm /usr/libexec/git-core/git-name-rev && ln -s git-write-tree /usr/libexec/git-core/git-name-rev'
$exec 'rm /usr/libexec/git-core/git-blame && ln -s git-write-tree /usr/libexec/git-core/git-blame'
$exec 'rm /usr/libexec/git-core/git-mv && ln -s git-write-tree /usr/libexec/git-core/git-mv'
$exec 'rm /usr/libexec/git-core/git-check-attr && ln -s git-write-tree /usr/libexec/git-core/git-check-attr'
$exec 'rm /usr/libexec/git-core/git-mktag && ln -s git-write-tree /usr/libexec/git-core/git-mktag'
$exec 'rm /usr/libexec/git-core/git-cat-file && ln -s git-write-tree /usr/libexec/git-core/git-cat-file'
$exec 'rm /usr/libexec/git-core/git-merge-tree && ln -s git-write-tree /usr/libexec/git-core/git-merge-tree'
$exec 'rm /usr/libexec/git-core/git-ls-tree && ln -s git-write-tree /usr/libexec/git-core/git-ls-tree'
$exec 'rm /usr/libexec/git-core/git-merge-recursive && ln -s git-write-tree /usr/libexec/git-core/git-merge-recursive'
$exec 'rm /usr/libexec/git-core/git-check-mailmap && ln -s git-write-tree /usr/libexec/git-core/git-check-mailmap'
