/etc/env.d/00glibc
/etc/gai.conf
/etc/host.conf
/etc/locale.gen
/etc/nsswitch.conf
/etc/rpc
#/lib/libnss_compat.so.2 
/lib/libnss_files.so.2
/lib/libnss_dns.so.2
/lib/libnss_db.so.2

/etc/ld.so.conf
/etc/ld.so.conf.d
/sbin/ldconfig

/usr/bin/locale
/usr/bin/localedef
/usr/sbin/locale-gen

$set GCC_VERSION 6.4.0
/usr/lib/gcc/$(ARCH)-pc-linux-gnu/$(GCC_VERSION)/libgcc_s.so
/usr/lib/gcc/$(ARCH)-pc-linux-gnu/$(GCC_VERSION)/libstdc++.so

/usr/lib/gconv/ANSI_X3.110.so
/usr/lib/gconv/CP932.so
/usr/lib/gconv/EUC-JISX0213.so
/usr/lib/gconv/EUC-JP-MS.so
/usr/lib/gconv/EUC-JP.so
/usr/lib/gconv/EUC-JISX0213.so
/usr/lib/gconv/SHIFT_JISX0213.so
/usr/lib/gconv/SJIS.so
/usr/lib/gconv/gconv-modules
/usr/lib/gconv/IBM932.so
/usr/lib/gconv/ISO-2022-JP-3.so
/usr/lib/gconv/ISO-2022-JP.so
/usr/lib/gconv/ISO8859-1.so
/usr/lib/gconv/ISO8859-15.so
/usr/lib/gconv/ISO8859-2.so
/usr/lib/gconv/UNICODE.so
/usr/lib/gconv/UTF-16.so
/usr/lib/gconv/UTF-32.so
/usr/lib/gconv/UTF-7.so
/usr/share/i18n/charmaps/ANSI_X3.110-1983.gz
/usr/share/i18n/charmaps/ANSI_X3.4-1968.gz
/usr/share/i18n/charmaps/ISO-8859-1.gz
/usr/share/i18n/charmaps/ISO-8859-15.gz
/usr/share/i18n/charmaps/ISO-8859-2.gz
/usr/share/locale/locale.alias

# generate locale archive
$write /etc/locale.gen 'en_US.UTF-8 UTF-8\nen_GB.UTF-8 UTF-8\nja_JP.UTF-8 UTF-8'
$exec --overlay /usr/sbin/locale-gen
