$require base-systemd.lst
$require python.lst

$dir /lib/firmware
$require kbd-minimal.lst

$require xfsprogs.lst
$package sys-fs/mtools

# install script
$package dosfstools
$package parted
$require grub-i386-pc.lst
$copy resource/gpgpu/install /usr/sbin/
$copy resource/gpgpu/setup-bios-boot /usr/sbin/

/bin/ip
/usr/bin/awk

$mkdir /boot/grub
$copy resource/gpgpu/grub.cfg /boot/grub/grub.cfg

# hwids
/bin/sed
/usr/sbin/lspci
/usr/share/misc/pci.ids.gz
/usr/share/misc/usb.ids.gz

$copy resource/walbrix/save /sbin/save

$sed /boot/grub/grub.cfg "s/__VERSION__/$WALBRIX_VERSION/g"

$require wireless-tools.lst

$package app-misc/ca-certificates
$package app-misc/mime-types
$package app-misc/pax-utils
$require openssl.lst
$package net-misc/wget
$package sys-apps/haveged

$package sys-apps/dmidecode

$write /etc/hostname gpgpu

# extend capacity
$write /etc/sysctl.d/nf_conntrack_max.conf 'net.nf_conntrack_max = 65536'
$write /etc/sysctl.d/nr_hugepages.conf 'vm.nr_hugepages=1280'

$write --append /etc/profile.env "export GPU_MAX_HEAP_SIZE=100\nexport GPU_USE_SYNC_OBJECTS=1\nexport GPU_MAX_ALLOC_PERCENT=100\nexport GPU_SINGLE_ALLOC_PERCENT=100"

/usr/bin/lsscsi

# networks
$package net-analyzer/traceroute
/usr/bin/cu
/usr/bin/curl
/sbin/brctl

# tools
$package sys-fs/btrfs-progs
$package screen

# hardware
/etc/udev/hwdb.bin
/usr/bin/beep
/usr/bin/cpuid2cpuflags
$package usbutils
$package lm-sensors
$package lshw
$require intel-neo.lst
/usr/bin/clinfo

# drivers
$package nvidia-drivers
$exec --overlay "cp -L /opt/cuda/targets/x86_64-linux/lib/libnvrtc.so.11.0 /usr/lib64/"
$exec --overlay "cp -L /opt/cuda/targets/x86_64-linux/lib/libnvrtc-builtins.so /usr/lib64/"
$package amdgpu-pro-opencl
$package amdgpu-pro-opencl-legacy
$package dev-libs/rocm-opencl-runtime
$package dev-libs/rocm-device-libs
$package dev-libs/rocm-comgr
$package dev-util/rocminfo
$package dev-libs/roct-thunk-interface
$package dev-libs/rocr-runtime
#$package dev-libs/hsa-ext-rocr
$package sys-devel/llvm-roc
$package sci-libs/lapack

# misc
$package ocl-icd
/usr/lib64/libuv.so.1
/usr/lib64/libdrm.so.2
/usr/lib64/libdrm_amdgpu.so.1
/usr/lib64/libmicrohttpd.so.12
/usr/lib64/libhwloc.so.5
/usr/share/libdrm/amdgpu.ids
/usr/sbin/wrmsr
$require ts-node.lst
$package media-video/motion

$require timezone-jp.lst

$mkdir /root/xmr
$mkdir /root/eth

$copy resource/gpgpu/xmr-start.sh /root/xmr/start.sh
$copy resource/gpgpu/eth-start.sh /root/eth/start.sh

$copy resource/install-system-image /usr/sbin/
$copy resource/make-bootx64-iso	/usr/sbin/
/usr/bin/xorriso
$copy resource/btrfs/expand-rw-layer /usr/sbin/
$copy resource/gpgpu/wait-for-network-to-be-connected /usr/bin/

$sed /etc/ssh/sshd_config 's/^#PermitEmptyPasswords no$/PermitEmptyPasswords yes/'

$exec ldconfig
$touch /done
