$set JAVA_VERSION 8
$set ICEDTEA_VERSION 3.7.0
$require java-config.lst

#media-fonts/dejavu
#media-fonts/sazanami
#media-fonts/lklug
#media-fonts/lohit-fonts
#media-fonts/baekmuk-fonts
#media-libs/libuninameslist
#x11-proto/recordproto
#x11-libs/libXtst
#media-gfx/fontforge
#media-fonts/arphicfonts
$package dev-java/icedtea-bin-$(ICEDTEA_VERSION) --exclude='^\/opt\/.+\/man\/' --use="-gtk -alsa cups headless-awt" # icedtea(-bin) depends on libcups.so no matter if cups USE flag is set
$sed /opt/icedtea-bin-$(ICEDTEA_VERSION)/jre/lib/security/java.security 's/\/dev\/random$/\/dev\/urandom/' # http://stackoverflow.com/questions/28201794/slow-startup-on-tomcat-7-0-57-because-of-securerandom
$package dev-libs/nss # SSL support

#sys-apps/baselayout-java
#gnome-base/gsettings-desktop-schemas  / ignored as it only needed for desktop app
$package app-eselect/eselect-java
$exec "java-config -S icedtea-bin-$(JAVA_VERSION)"

$package media-libs/libjpeg-turbo
#$package media-libs/libpng
#$package media-libs/giflib

#media-libs/fontconfig
/etc/fonts/fonts.conf
/usr/share/fonts/vlgothic/VL-PGothic-Regular.ttf
