$require domU.lst
$require domU-overlayfs-kernel.lst
$sed /etc/conf.d/hostname 's/^\(hostname="\).*\("\)$/\1jenkins\2/'
$write --append /etc/fstab "/.overlay/data01 /var/lib/docker none bind 0 0"

$require java.lst
$package dev-util/jenkins-bin
$download --nocache http://mirrors.jenkins.io/war/latest/jenkins.war
$exec "mv /tmp/download/jenkins.war /opt/jenkins/jenkins.war"
$exec "cd /tmp && jar xf /opt/jenkins/jenkins.war WEB-INF/jenkins-cli.jar && mv /tmp/WEB-INF/jenkins-cli.jar /opt/jenkins/jenkins-cli.jar"
$write /usr/bin/jenkins '#!/bin/sh\nsource /etc/conf.d/jenkins\nJENKINS_URL="http://localhost:$JENKINS_PORT" java -jar /opt/jenkins/jenkins-cli.jar $@'
$sed /etc/conf.d/jenkins 's/^JENKINS_ENABLE_ACCESS_LOG=.*$/JENKINS_ENABLE_ACCESS_LOG="yes"/'
$exec "chmod +x /usr/bin/jenkins"
$sed /etc/passwd 's/^\(jenkins:.\+:\)\/sbin\/nologin$/\1\/bin\/bash/'
$exec "mkdir /var/lib/jenkins/.ssh && chmod 700 /var/lib/jenkins/.ssh"
$touch /var/lib/jenkins/.ssh/authorized_keys
$write /var/lib/jenkins/.ssh/config "Host *\n  StrictHostKeyChecking no\n  UserKnownHostsFile=/dev/null"
$exec "chown -R jenkins.jenkins /var/lib/jenkins/.ssh"

$symlink /etc/runlevels/default/jenkins /etc/init.d/jenkins
$require nss-myhostname.lst

$require dockerd.lst
$require s3cmd.lst
$require nodejs.lst
$require sbt.lst
$require chromium.lst
$require xvfb.lst
$require fluxbox.lst
$require postfix.lst
$require mysql.lst
$require git-lfs.lst
$require pptpclient.lst

$exec "usermod -aG docker jenkins"
$write /etc/sudoers.d/jenkins "jenkins ALL=(ALL) ALL, NOPASSWD: /usr/sbin/pon, /usr/sbin/poff"

# redirect port 80 -> 8080
$require iptables.lst
$write /var/lib/iptables/rules-save "*nat\n-A PREROUTING -p tcp -m tcp --dport 80 -j REDIRECT --to-ports 8080\nCOMMIT"
