$require base-systemd.lst

$mkdir /boot/grub
$write /boot/grub/grub.cfg 'linux /boot/kernel\ninitrd /boot/initramfs\nboot'

$sed /etc/conf.d/hostname 's/^\(hostname="\).*\("\)$/\1motion\2/'

$require xfsprogs.lst

$package app-shells/push
$package sys-block/zram-init
$exec "systemctl enable zram_swap"

$require timezone-jp.lst

# motion
$package media-video/motion
$exec "systemctl enable motion"

# nginx
$require nginx.lst

# mysql
$require mysql.lst

# python and modules
$require python27.lst
$package dev-python/mysql-python
$package dev-python/paho-mqtt
$package dev-db/sqlite
$package dev-python/pyparsing

# nodejs
$require ts-node.lst

# restkit
$package dev-python/webob
$package dev-python/cython
$package dev-python/http-parser
$package net-dns/c-ares
$package dev-python/socketpool
$package dev-python/restkit

# python-zeroconf
$require python-zeroconf.lst

# requests
$require urllib3.lst
$package dev-python/chardet
$package dev-python/requests
$package dev-python/py
$package dev-python/ipaddress
$package dev-python/ply
#$package dev-python/pytest
$require cryptography.lst
$package dev-python/pyopenssl
$package dev-python/ndg-httpsclient

# s3cmd removed due to lack of python3.7 support
#$package dev-python/python-magic
#$package dev-python/six
#$package dev-python/python-dateutil
#$package net-misc/s3cmd

$require matplotlib.lst
$require pillow.lst

$require git.lst

# mosquitto
$package app-misc/mosquitto --use="websockets"
#$require avahi.lst
#$copy mosquitto/mosquitto.service /etc/avahi/services/mosquitto.service
$exec "systemctl enable mosquitto"

# avahi
#dev-libs/libdaemon
$package net-dns/avahi --use="-introspection"
$exec "systemctl enable avahi-daemon"
$sed /etc/systemd/network/50-dhcp.network 's/MulticastDNS=yes/MulticastDNS=no/'

# openvpn
$require openvpn.lst

$package sys-apps/usbutils
#/usr/sbin/usbip
#$require usbip-build.lst
#$copy usbip/usbip.init /etc/init.d/usbip
#$copy usbip/usbip.conf /etc/conf.d/usbip
/usr/share/misc/usb.ids

# create database
$write /tmp/create-db.sh "mysql -u root -e 'create database `motion`; create user `motion`@localhost; grant all privileges on `motion`.* to `motion`@localhost'"
$exec "with-mysqld 'sh /tmp/create-db.sh'"

$package media-libs/opencv
/usr/bin/ffmpeg
$package media-tv/v4l-utils
#$package dev-python/pyusb

$require vlgothic.lst
#$require uwsgi.lst
$package net-misc/wol
$package sys-process/at

# domU
$require xen-guest.lst
