$require domU.lst
$require domU-overlayfs-kernel.lst
$require kernel-modules.lst
$sed /etc/conf.d/hostname 's/^\(hostname="\).*\("\)$/\1motion\2/'

$require cron.lst
$require nginx.lst
$require mysql-python.lst
$require git.lst

$package sys-apps/usbutils
/usr/sbin/usbip
$copy usbip/usbip.init /etc/init.d/usbip
$copy usbip/usbip.conf /etc/conf.d/usbip

$exec --overlay "cd /tmp && git clone --depth 1 https://github.com/kasbert/epsolar-tracer.git && cd epsolar-tracer/xr_usb_serial_common-1a && KERNELDIR=/lib/modules/$(KERNEL_VERSION)/build make && mv /tmp/epsolar-tracer/xr_usb_serial_common-1a/xr_usb_serial_common.ko /lib/modules/$(KERNEL_VERSION)/ && depmod $(KERNEL_VERSION)"

# create database
$mkdir /tmp/mysql
$copy mysql/operate.sh /tmp/mysql/operate.sh
$exec "/tmp/mysql/operate.sh createdb motion"

$require s3cmd.lst
$package media-video/motion
$copy motion/motion.conf /etc/motion/motion.conf
$symlink /etc/runlevels/default/motion /etc/init.d/motion
/usr/bin/ffmpeg
$package dev-python/pyusb
$require matplotlib.lst
$require vlgothic.lst
$require uwsgi.lst
$package net-misc/wol
$package sys-process/at

$require iptables.lst
