$require base-systemd.lst

$mkdir /boot/grub
$write /boot/grub/grub.cfg 'linux /boot/kernel\ninitrd /boot/initramfs\nboot'

$require php7.lst
$require mysql.lst
$require postfix.lst
$require samba.lst
$require ffmpeg.lst
$require redis.lst
$require pecl-imagick.lst
$package sys-fs/btrfs-progs
$require xfsprogs.lst
$package net-misc/rsync
$package dev-php/pecl-redis
$require pecl-apcu.lst
$sed /etc/conf.d/hostname 's/^\(hostname="\).*\("\)$/\1nextcloud\2/'

$download https://download.nextcloud.com/server/releases/nextcloud-19.0.0.tar.bz2 /tmp/
$exec "tar xvf /tmp/*.tar.bz2 -C /var/www/localhost"
$exec "rm -rf /var/www/localhost/htdocs && mv /var/www/localhost/nextcloud /var/www/localhost/htdocs"

# create database
$write /tmp/create-db.sh "mysql -u root -e 'create database `nextcloud`; create user `nextcloud`@localhost; grant all privileges on `nextcloud`.* to `nextcloud`@localhost'"
$exec "with-mysqld 'sh /tmp/create-db.sh'"

$copy resource/nextcloud/config.php /var/www/localhost/htdocs/config/config.php

$mkdir /var/lib/nextcloud
$exec "chown -R apache.apache /var/www/localhost /var/lib/nextcloud"

$sed /etc/php/apache2-php*/php.ini 's/^upload_max_filesize.\+$/upload_max_filesize = 512M/'
$sed /etc/php/apache2-php*/php.ini 's/^post_max_size.\+$/post_max_size = 768M/'
$sed /etc/php/apache2-php*/php.ini 's/^memory_limit.\+$/memory_limit=512M/'
$sed /etc/php/cli-php*/php.ini 's/^memory_limit.\+$/memory_limit=512M/'
$sed /etc/php/apache2-php*/php.ini 's/^;mbstring.func_overload.\+$/mbstring.func_overload=0/'
$sed /etc/php/apache2-php*/php.ini 's/^;always_populate_raw_post_data.\+$/always_populate_raw_post_data=-1/'
$sed /etc/php/apache2-php*/php.ini 's/^;default_charset.\+$/default_charset="UTF-8"/'
$write /var/spool/cron/crontabs/apache '*/15  *  *  *  * php -f /var/www/localhost/htdocs/cron.php'

# libsmbclient-php
$exec --overlay "pecl install channel://pecl.php.net/smbclient-1.0.0"
$set PHP_APACHE2_ETC /etc/php/apache2-php*
$set PHP_CLI_ETC /etc/php/cli-php*
$write $PHP_APACHE2_ETC/ext/smbclient.ini "extension=smbclient.so"
$write $PHP_CLI_ETC/ext/smbclient.ini "extension=smbclient.so"
$symlink $PHP_APACHE2_ETC/ext-active/smbclient.ini ../ext/smbclient.ini
$symlink $PHP_CLI_ETC/ext-active/smbclient.ini ../ext/smbclient.ini

# occ command
$copy resource/nextcloud/occ.c /tmp/occ.c
$exec --overlay "gcc -o /usr/sbin/occ /tmp/occ.c"

# app init
$copy resource/nextcloud/cloud-server-init /usr/sbin/
$mkdir /etc/systemd/system/apache2.service.d
$write /etc/systemd/system/apache2.service.d/cloud-server-init.conf '[Unit]\nAfter=mysqld.service\n\n[Service]\nExecStartPre=/usr/sbin/cloud-server-init'
