$require domU.lst
$require domU-overlayfs-kernel.lst
$require cron.lst
$require apache.lst
$require mysql.lst
$require postfix.lst
$require samba.lst
$require ffmpeg.lst
$require php56.lst
$require redis.lst
$require pecl-imagick.lst
#require components/libreoffice.lst
#$package dev-php/xcache # replaced by opcache in PHP5.5
$package dev-php/pecl-redis
$require pecl-apcu.lst
#$require pecl-memcached.lst
#copy owncloud/smb.conf /etc/samba/smb.conf
$sed /etc/conf.d/hostname 's/^\(hostname="\).*\("\)$/\1owncloud\2/'

$set OWNCLOUD_TAR owncloud-10.0.7.tar.bz2
$download https://download.owncloud.org/community/$(OWNCLOUD_TAR)
$exec "tar jxvf /tmp/download/$(OWNCLOUD_TAR) -C /var/www/localhost"
$exec "rm -rf /var/www/localhost/htdocs && mv /var/www/localhost/owncloud /var/www/localhost/htdocs"

# file disappeared in oc 8.1
#$patch /var/www/localhost/htdocs/apps/files_texteditor/ajax/loadfile.php owncloud/loadfile.php.patch

# replace font
$exec "mv /var/www/localhost/htdocs/core/fonts/OpenSans-Regular.ttf /var/www/localhost/htdocs/core/fonts/OpenSans-Regular.ttf.orig"
/usr/share/fonts/vlgothic/VL-PGothic-Regular.ttf
$symlink /var/www/localhost/htdocs/core/fonts/OpenSans-Regular.ttf /usr/share/fonts/vlgothic/VL-PGothic-Regular.ttf

# create database
$mkdir /tmp/mysql
$copy mysql/operate.sh /tmp/mysql/operate.sh
$exec "/tmp/mysql/operate.sh createdb owncloud"

$write /etc/conf.d/app-init 'rc_after="mysql redis"\nrc_before="apache2"'
$copy owncloud/app-init /etc/init.d/app-init
$symlink /etc/runlevels/default/app-init /etc/init.d/app-init

$copy owncloud/config.php /var/www/localhost/htdocs/config/config.php

$mkdir /var/lib/owncloud
$exec "chown -R apache.apache /var/www/localhost /var/lib/owncloud"

$sed /etc/php/apache2-php$(PHP_VERSION)/php.ini 's/^upload_max_filesize.\+$/upload_max_filesize = 512M/'
$sed /etc/php/apache2-php$(PHP_VERSION)/php.ini 's/^post_max_size.\+$/post_max_size = 768M/'
$sed /etc/php/apache2-php$(PHP_VERSION)/php.ini 's/^memory_limit.\+$/memory_limit=512M/'
$sed /etc/php/apache2-php$(PHP_VERSION)/php.ini 's/^;mbstring.func_overload.\+$/mbstring.func_overload=0/'
$sed /etc/php/apache2-php$(PHP_VERSION)/php.ini 's/^;always_populate_raw_post_data.\+$/always_populate_raw_post_data=-1/'
$sed /etc/php/apache2-php$(PHP_VERSION)/php.ini 's/^;default_charset.\+$/default_charset="UTF-8"/'
$write /var/spool/cron/crontabs/apache '*/15  *  *  *  * php -f /var/www/localhost/htdocs/cron.php'

# libsmbclient-php
$exec --overlay "pecl install channel://pecl.php.net/smbclient-0.9.0"
$write /etc/php/apache2-php5.6/ext/smbclient.ini "extension=smbclient.so"
$write /etc/php/cli-php5.6/ext/smbclient.ini "extension=smbclient.so"
$symlink /etc/php/apache2-php5.6/ext-active/smbclient.ini ../ext/smbclient.ini
$symlink /etc/php/cli-php5.6/ext-active/smbclient.ini ../ext/smbclient.ini

# occ command
$copy owncloud/occ.c /tmp/occ.c
$exec --overlay "gcc -o /usr/sbin/occ /tmp/occ.c"

# upgrade script
#$copy owncloud/upgrade-owncloud /usr/sbin/upgrade-owncloud

$vadesc
