$set PHP_VERSION 5.4
#dev-libs/mm
#media-libs/t1lib
#media-libs/libpng
#dev-db/sqlite
#dev-libs/libmcrypt
#dev-libs/oniguruma
#app-text/htmltidy
#net-libs/c-client
#media-libs/freetype
#media-libs/libjpeg-turbo
$require apache.lst
$package net-mail/mailbase
$package dev-lang/php-$(PHP_VERSION).45 --use="apache2 gd mysql mysqli postgres xslt zip pdo truetype xmlwriter bcmath xmlreader pcntl sysvipc sockets curl sqlite sharedmem tidy exif -cjk intl ldap ftp gmp imap" --exclude='^/usr/lib(64)?/php[0-9]+\.[0-9]+/(man|include|lib)/'
$symlink /usr/bin/php php$(PHP_VERSION)
$exec "ln -sf /usr/lib/php$(PHP_VERSION)/apache2/* /usr/lib/apache2/modules/"
$mkdir /etc/php/apache2-php$(PHP_VERSION)/ext
$mkdir /etc/php/apache2-php$(PHP_VERSION)/ext-active
$mkdir /etc/php/cli-php$(PHP_VERSION)/ext
$mkdir /etc/php/cli-php$(PHP_VERSION)/ext-active

$sed /etc/php/apache2-php$(PHP_VERSION)/php.ini 's/^;date\.timezone.*$/date.timezone=Asia\/Tokyo/'
$sed /etc/php/cli-php$(PHP_VERSION)/php.ini 's/^;date\.timezone.*$/date.timezone=Asia\/Tokyo/'
$sed /etc/conf.d/apache2 's/^\(APACHE2_OPTS=.*\)\"$/\1 -D PHP5"/'

$package app-eselect/eselect-php --use="apache2"
