$require ruby.lst
$package dev-ruby/concurrent-ruby
$package dev-ruby/rack
$package dev-ruby/thor
$package dev-ruby/pkg-config
$package dev-ruby/rexical
$package dev-ruby/method_source
$package dev-ruby/thread_safe
$package dev-ruby/mimemagic
$package dev-ruby/builder
$package dev-ruby/erubi
$package dev-ruby/crass
$package dev-ruby/mini_mime
$package dev-ruby/nio4r
$package dev-ruby/websocket-extensions
$package dev-ruby/sprockets
$require nokogiri.lst
$package dev-ruby/i18n
$package dev-ruby/tzinfo
$package dev-ruby/marcel
$package dev-ruby/rack-test
$package dev-ruby/mail
$package dev-ruby/websocket-driver
$package dev-ruby/activesupport
$package dev-ruby/loofah
$package dev-ruby/rails-dom-testing
$package dev-ruby/activemodel
$package dev-ruby/rails-html-sanitizer
$package dev-ruby/globalid
$package dev-ruby/actionview
$package dev-ruby/activejob
$package dev-ruby/activerecord
$package dev-ruby/actionpack
$package dev-ruby/railties
$package dev-ruby/sprockets-rails
$package dev-ruby/actioncable
$package dev-ruby/actionmailer
$package dev-ruby/actionmailbox
$package dev-ruby/actiontext
$package dev-ruby/activestorage
$package dev-ruby/rails
$package dev-ruby/zeitwerk


