$require base-systemd.lst

$mkdir /boot/grub
$write /boot/grub/grub.cfg 'linux /boot/kernel\ninitrd /boot/initramfs\nboot'

$require mysql.lst
$require postfix.lst
$require samba.lst
$package sys-fs/btrfs-progs
$require xfsprogs.lst
$package net-misc/rsync

$require rails.lst

$package dev-ruby/public_suffix
$package dev-ruby/ast
$package dev-ruby/docile
$package dev-ruby/htmlentities
$package dev-ruby/method_source
$package dev-ruby/thor
$package dev-ruby/addressable
$package dev-ruby/ffi
$package dev-ruby/childprocess
$package dev-ruby/css_parser
$package dev-util/ragel
$package dev-ruby/regexp_parser
$package dev-ruby/xpath
$package dev-ruby/capybara
$package dev-ruby/arel
$package dev-ruby/mini_magick
$package dev-ruby/mocha
$package dev-ruby/parallel
$package dev-ruby/parser
$package dev-ruby/cliver
$package dev-ruby/ruby-openid
$package dev-ruby/rack-openid
$package dev-ruby/sprockets
$package dev-ruby/rainbow
$package dev-ruby/rbpdf-font
$package dev-ruby/rbpdf
$package dev-ruby/redcarpet
$package dev-ruby/request_store
$package dev-ruby/roadie
$package dev-ruby/roadie-rails
$package dev-ruby/rouge
$package dev-ruby/ruby-progressbar
$package dev-ruby/unicode-display_width
$package dev-ruby/rubyzip
$package dev-ruby/selenium-webdriver
$package dev-ruby/simplecov-html
$package dev-ruby/simplecov
$package dev-ruby/yard

$require git.lst
$require passenger.lst
$require rmagick.lst
$package dev-ruby/mysql2

$sed /etc/conf.d/hostname 's/^\(hostname="\).*\("\)$/\1redmine\2/'

$set REDMINE_TAR redmine-4.1.1.tar.gz
$download http://www.redmine.org/releases/$REDMINE_TAR /tmp/
$exec "tar zxvf /tmp/$REDMINE_TAR -C /var/www/localhost"
$exec "rm -rf /var/www/localhost/htdocs && mv /var/www/localhost/redmine-* /var/www/localhost/htdocs"

$write /var/www/localhost/htdocs/config/database.yml 'production:\n  adapter: mysql2\n  database: redmine\n  host: localhost\n  username: redmine\n  password:'
$write /var/www/localhost/htdocs/config/configuration.yml 'production:\n  delivery_method: :smtp\n  smtp_settings:\n    address: localhost\n    port: 25\n    domain: example.com\n    authentication: :none'

$exec --overlay "cd /var/www/localhost/htdocs && bundle install"
$exec "chown -R apache.apache /var/www/localhost"
$exec "rm -rf /usr/local/lib64/ruby/gems/*/cache"
#$exec "rm -rf /usr/local/lib64/ruby/gems/*/gems/nokogiri-*/ext/nokogiri/tmp /usr/local/lib64/ruby/gems/*/gems/nokogiri-*/ports/archives"

# create database
$write /tmp/create-db.sh "mysql -u root -e 'create database `redmine`; create user `redmine`@localhost; grant all privileges on `redmine`.* to `redmine`@localhost'"
$exec "with-mysqld 'sh /tmp/create-db.sh'"

# setup rails app
$copy resource/redmine/setup.sh /tmp/setup.sh
$exec "with-mysqld 'sh /tmp/setup.sh'"

# configure apache
$sed /etc/apache2/vhosts.d/default_vhost.include 's/root@localhost/redmine@example.com/'
$sed /etc/apache2/vhosts.d/default_vhost.include 's/^DocumentRoot "\/var\/www\/localhost\/htdocs"$/DocumentRoot "\/var\/www\/localhost\/htdocs\/public"/'

