$require base-systemd.lst
$require kbd-minimal.lst

$require python3.lst

$package dosfstools
$package parted
$require grub-i386-pc.lst

/bin/ip
/usr/bin/awk

$mkdir /boot/grub
$copy resource/vpnhub/grub.cfg /boot/grub/grub.cfg

$sed /boot/grub/grub.cfg "s/__VERSION__/$WALBRIX_VERSION/g"

#net-firewall/firewalld
$package net-dns/dnsmasq

$package app-misc/ca-certificates
$package app-misc/mime-types
$package app-misc/pax-utils
$package dev-libs/openssl
$package net-misc/wget
$package app-crypt/easy-rsa

$write /etc/hostname vpnhub

$write /etc/sysctl.d/nf_conntrack_max.conf 'net.nf_conntrack_max = 65536'

# networks
$package net-vpn/wireguard-tools
$package net-vpn/openvpn
$package net-analyzer/traceroute
$require tcpdump.lst
$package net-dns/bind-tools
/usr/bin/iperf3
/usr/bin/curl
/sbin/brctl

# tools
$package sys-fs/btrfs-progs
/usr/bin/strace
/usr/bin/telnet
$package screen

# nginx
$require lua.lst
$package dev-lang/luajit
$package www-servers/nginx --use="nginx_modules_http_lua"
$exec "systemctl enable nginx"

# certbot
$package dev-python/pytz
$package dev-python/namespace-zope
$package dev-python/idna
$package dev-python/configargparse
$package dev-python/configobj
$package dev-python/distro
$package dev-python/future
$package dev-python/pbr
$package dev-python/ply
$package dev-python/chardet
$package dev-python/PySocks
$package dev-python/mock
$package dev-python/pyrfc3339
$package dev-python/zope-interface
$package dev-python/parsedatetime
$package dev-python/zope-event
$package dev-python/pycparser
$package dev-python/zope-component
$package dev-python/cffi
$package dev-python/cryptography
$package dev-python/pyopenssl
$package dev-python/josepy
$package dev-python/urllib3
$package dev-python/requests
$package dev-python/requests-toolbelt
$package app-crypt/acme
$package app-crypt/certbot
$package dev-python/six
$package dev-python/certifi
$package dev-python/setuptools
$package dev-python/pip
$require google-api-python-client.lst

# twisted
$package dev-python/constantly
$package dev-python/incremental
$package dev-python/pyhamcrest
$package dev-python/mistune
$package dev-python/pygments
$package dev-python/hyperlink
$package dev-python/docutils
$package dev-python/attrs
$package dev-python/m2r
$package dev-python/automat
$package dev-python/bcrypt
$package dev-python/service_identity
$package dev-python/twisted

$require syslog-ng.lst

# zabbix
$package net-analyzer/zabbix

# mysql
$require mysql-systemd.lst
$package dev-python/mysqlclient

$package dev-python/pyinotify
$package sys-fs/inotify-tools

# email
$require postfix.lst

# zabbix
$require zabbix-server.lst

$copy resource/vpnhub/openvpn2dnsmasq.cpp /tmp/
$exec --overlay "g++ -std=c++2a -shared -fPIC -o /usr/lib64/openvpn/plugins/openvpn2dnsmasq.so /tmp/openvpn2dnsmasq.cpp"
/usr/lib64/libboost_thread.so
$sed /lib/systemd/system/openvpn-server\@.service 's/^CapabilityBoundingSet=.*$/\0 CAP_KILL/'

$write /etc/sysctl.d/99-sysctl.conf 'net.ipv4.ip_forward = 1'


$copy resource/install-system-image /usr/sbin/

$require ts-node.lst
$require timezone-jp.lst

$touch /done
