$require base-systemd.lst
$require kbd-minimal.lst

$require python.lst

$package dosfstools
$package parted
$require grub-i386-pc.lst
$package sys-fs/mtools
$require xfsprogs.lst

$package app-emulation/qemu-guest-agent

/bin/ip
/usr/bin/awk

$mkdir /boot/grub
$copy resource/vpnhub/grub.cfg /boot/grub/grub.cfg

$sed /boot/grub/grub.cfg "s/__VERSION__/$WALBRIX_VERSION/g"

$require firewalld.lst
$package net-dns/dnsmasq

$package app-misc/ca-certificates
$package app-misc/mime-types
$package app-misc/pax-utils
$package dev-libs/openssl-compat
$package net-misc/wget
$package app-crypt/easy-rsa

$write /etc/hostname vpnhub

$write /etc/sysctl.d/nf_conntrack_max.conf 'net.nf_conntrack_max = 65536'

# networks
$require ppp.lst
$package net-vpn/openvpn
$package net-analyzer/traceroute
$package net-dns/bind-tools
$package net-misc/quagga
$package net-vpn/pptpd
$require nfs.lst
/usr/bin/iperf3
/usr/bin/curl
/sbin/brctl
$require ipset.lst
$require socat.lst

# tools
$package sys-fs/btrfs-progs
$package screen

# certbot
$require certbot.lst

# nginx
$require lua.lst
$package dev-lang/luajit
$package www-servers/nginx --use="nginx_modules_http_lua"
$exec "systemctl enable nginx"
$copy resource/vpnhub/nginx.conf /etc/nginx/nginx.conf
$mkdir /etc/nginx/conf.d
$copy resource/vpnhub/default.conf.example /etc/nginx/conf.d/default.conf.example
$write /etc/letsencrypt/renewal-hooks/deploy/nginx '#!/bin/sh\nsystemctl reload nginx'
$exec "chmod 755 /etc/letsencrypt/renewal-hooks/deploy/nginx"

# twisted
$require twisted.lst

$require syslog-ng.lst

# zabbix
$package net-analyzer/zabbix

# mysql
$require mysql.lst
$package dev-python/mysqlclient
$package sys-auth/pam_mysql

$package dev-python/pyinotify
$package sys-fs/inotify-tools

# mqtt
$package app-misc/mosquitto

# email
$require postfix.lst

# ftp
$require vsftpd.lst

# zabbix
$require zabbix-server.lst

$copy resource/vpnhub/openvpn2dnsmasq.cpp /tmp/
$exec --overlay "g++ -std=c++2a -shared -fPIC -o /usr/lib64/openvpn/plugins/openvpn2dnsmasq.so /tmp/openvpn2dnsmasq.cpp"
$sed /lib/systemd/system/openvpn-server\@.service 's/^CapabilityBoundingSet=.*$/\0 CAP_KILL/'

$sed /etc/sysctl.conf 's/^net\.ipv4\.ip_forward\s*=.\+/#\0/'
$write /etc/sysctl.d/90-ip-forwarding.conf 'net.ipv4.ip_forward=1\nnet.ipv6.conf.default.forwarding=1\nnet.ipv6.conf.all.forwarding=1'

$copy resource/install-system-image /usr/sbin/
$copy resource/make-bootx64-iso	/usr/sbin/
/usr/bin/xorriso

$require ts-node.lst
$require timezone-jp.lst

$touch /done
