$require system.lst
$require portage-configs.lst
$require kernel.lst
$require grub.lst
$require xen.lst
$require zram-init.lst

# splash
$require splashutils.lst
/etc/splash/natural_gentoo

$require install.lst  # defines softlevel 'rescue' and 'install'

# boot
$package sys-apps/kexec-tools
$write /etc/fstab 'overlay\t/\toverlay\tdefaults\t0 0\n'
$write /etc/resolv.conf 'search local\nnameserver 8.8.8.8\nnameserver 8.8.4.4'
$sed /etc/shadow 's/^root:\*:/root::/' # Empty root password
$sed /etc/inittab 's/\/sbin\/agetty 38400 tty1 linux/\/usr\/sbin\/wbgetty 38400 --noclear tty1 linux/'
$write /etc/conf.d/splash 'SPLASH_EFFECTS=""'
$sed /etc/conf.d/hostname 's/^hostname=".\+"/hostname="WBFREE01"/' # set default hostname

$symlink /etc/init.d/net.eth0 net.lo
$symlink /etc/runlevels/default/net.eth0 /etc/init.d/net.eth0

# extend nf_conntrack capacity
$write --append /etc/sysctl.conf 'net.nf_conntrack_max = 65536'

# modify initramfs
$mkdir /tmp/initramfs/etc/splash/wb/images
$copy walbrix/init /tmp/initramfs/init.walbrix
$copy splash/640x480.cfg /tmp/initramfs/etc/splash/wb/640x480.cfg
$copy splash/background-640x480.png /tmp/initramfs/etc/splash/wb/images/background-640x480.png
$copy splash/verbose-640x480.png /tmp/initramfs/etc/splash/wb/images/verbose-640x480.png
$exec --overlay 'cp -av /usr/share/splashutils/initrd.splash /tmp/initramfs/etc/'
$exec 'cd /tmp/initramfs && cat /boot/initramfs | cpio -idm && mv /tmp/initramfs/init /tmp/initramfs/init.gentoo && mv /tmp/initramfs/init.walbrix /tmp/initramfs/init && (find .|cpio -o -H newc) > /boot/initramfs'
$deltree /tmp/initramfs

# wbui
$require wbui-deps.lst

# openvpn
$copy walbrix/ca.crt /etc/openvpn/ca.crt
$copy walbrix/openvpn.conf /etc/openvpn/openvpn.conf

# system services
$require cron.lst
$require sysklogd.lst

# use eth0 as the default network bridge
$sed /etc/xen/xl.conf 's/^#vif.default.bridge="xenbr0"$/vif.default.bridge=""/'

# setup network-bridge
$copy walbrix/network-bridge /etc/xen/scripts/network-bridge
$copy walbrix/conf-net /etc/conf.d/net
$mkdir /etc/wpa_supplicant
$copy walbrix/wpa_supplicant.conf /etc/wpa_supplicant/wpa_supplicant.conf
$copy walbrix/network-multi-bridge /etc/xen/scripts/network-multi-bridge
$copy walbrix/network-bridge.init /etc/init.d/network-bridge
$symlink /etc/runlevels/default/network-bridge /etc/init.d/network-bridge

# Walbrix-style domain autostarting
$copy walbrix/wbdomains /etc/init.d/wbdomains
$symlink /etc/runlevels/default/wbdomains /etc/init.d/wbdomains

# prevent to get profile layer unmounted
$write /etc/conf.d/localmount 'no_umounts="/.overlay/boot|/.overlay/profile"'
# to get profile layer properly ro-remounted
$sed /etc/init.d/mount-ro 's/do_unmount "umount -r"/do_unmount "mount -o remount,ro"/'

# backup cron scripts
$mkdir /etc/wb
$write /etc/wb/backup "#BACKUP_ROOT=rsync://backup.local/backup"
$copy walbrix/backup /etc/cron.daily/backup
$symlink /etc/cron.weekly/backup ../cron.daily/backup
$symlink /etc/cron.monthly/backup ../cron.daily/backup

# alert cron scripts
$write /etc/wb/alert "#ALERT_RECIPIENT=your@email.address"
$copy walbrix/megaraid_alert /etc/cron.hourly/megaraid-alert

# storage and filesystems
$require mdadm.lst
$require nfs.lst
$package sys-fs/multipath-tools
$package sys-fs/btrfs-progs
$require exfat.lst
$package net-fs/cifs-utils --use="-acl -ads -caps"
$package sys-fs/xfsdump
$require ntfs3g.lst
$require cryptsetup.lst
$package sys-block/nbd
$require sg3_utils.lst
$package sys-apps/haveged
$package sys-apps/hdparm
$require ddrescue.lst
$package sys-fs/safecopy
$package app-admin/testdisk --use="ntfs"
$package sys-apps/gptfdisk
$package app-backup/fsarchiver
$require s3cmd.lst
$require s3fs.lst
$package sys-apps/cciss_vol_status
$require drbd.lst
#$patch /etc/xen/scripts/block-drbd xen/block-drbd.patch
$package sys-apps/smartmontools
/usr/bin/lsscsi

# networks
$require openssh.lst
#sys-libs/libseccomp # needed by bind-tools
$package net-dns/bind-tools
$require nss-mdns.lst
$require nss-myhostname.lst
$package net-analyzer/traceroute
$require rp-pppoe.lst
$require wireless-tools.lst
$require tcpdump.lst
$require nmap.lst
$package net-analyzer/netcat
$package net-misc/wakeonlan
$package net-misc/ifenslave
$package net-misc/vconfig
$package net-misc/whois
$package net-misc/wol
$package sys-apps/ethtool
$require snort.lst
$package net-misc/dhcp
$package net-dns/dnsmasq
$require ssmtp.lst
$require smbclient.lst
$require cu.lst
$package www-servers/nginx
$package net-analyzer/net-snmp
/usr/bin/iperf3

# complementary PPP configs
$mkdir /etc/chatscripts
$copy ppp/chatscript-3g /etc/chatscripts/3g
$copy ppp/pap-secrets /etc/ppp/pap-secrets
$mkdir /etc/ppp/peers
$copy ppp/peer-mineo-d /etc/ppp/peers/mineo-d
$copy ppp/peer-mineo-a /etc/ppp/peers/mineo-a
$copy ppp/peer-interlink /etc/ppp/peers/interlink
$copy ppp/peer-soracom-air /etc/ppp/peers/soracom-air
$copy ppp/ip-up.route.sh /etc/ppp/ip-up.d/route.sh
$copy ppp/ip-down.route.sh /etc/ppp/ip-down.d/route.sh

# tools
$require binutils.lst
$require vim.lst
$require sudo.lst
/usr/bin/ftp
/usr/bin/strace
/usr/bin/stress
/usr/bin/telnet
$package app-misc/screen
$package app-editors/bvi
$package app-admin/sysstat
$package app-crypt/chntpw
$package sys-process/lsof
$require mysqldump.lst
$require ansible.lst
$package media-gfx/qrencode

# hardware
/etc/udev/hwdb.bin
/usr/bin/beep
/usr/bin/cpuid2cpuflags
$require usb_modeswitch.lst
$package sys-apps/usbutils
$require bluez.lst
$package sys-apps/lm_sensors
$package sys-block/megacli
$copy walbrix/arcconf /opt/bin/arcconf
$package sys-power/cpupower
$package sys-apps/lshw
$require nut.lst
$require omronups.lst
$require libqmi.lst
$require gpsd.lst
$copy walbrix/99-docomo-l-03f.rules /etc/udev/rules.d/99-docomo-l-03f.rules

# for some raspi-like IoT purposes
$package dev-python/pyusb
/usr/lib/libjansson.so.4

# Python3 compat
$package dev-python/future

# node.js
$require ts-node.lst

# arch specific
$require walbrix-$(ARCH).lst

$exec --overlay "env-update"
$deltree /var/lib/portage
$require renamelib-$(ARCH).lst
