/boot/kernel-genkernel-x86_64-3.16.80
$symlink /boot/kernel.domU kernel-genkernel-x86_64-3.16.80

$require zabbix-agent.lst
$require zabbix-proxy.lst

# 32-bit compat
$require lib32.lst

$package dev-vcs/git

# to self-build walbrix
$require python-magic.lst
$package dev-python/chardet
$package sys-fs/squashfs-tools
$package dev-util/scons
$package dev-libs/libisoburn  # for /usr/bin/xorriso
$require debootstrap.lst
$require yum.lst

# storage
$require open-iscsi.lst
$package sys-fs/bcache-tools

# zfs
#/sbin/splat
$package --optional sys-fs/zfs
$write /tmp/README 'http://insights.ubuntu.com/2016/02/18/zfs-licensing-and-linux/'
$exec 'if [ -d /lib/modules/$(KERNEL_VERSION)/extra/zfs ]; then mv /tmp/README /lib/modules/$(KERNEL_VERSION)/extra/zfs/; fi'

# misc
$package dev-python/pyserial --exclude='^/usr/lib(64)?/(python3.*/|.*\.egg-info(\/|$)|.+\.py(c|o)$)'
/usr/bin/mpg123
/usr/lib64/mpg123/output_alsa.so
/usr/sbin/usbip
/usr/sbin/usbipd
$copy usbip/usbipd.init /etc/init.d/usbipd
$copy usbip/usbipd.conf /etc/conf.d/usbipd
$copy usbip/usbip.init /etc/init.d/usbip
$copy usbip/usbip.conf /etc/conf.d/usbip
/usr/lib64/libhwloc.so.5
/usr/lib64/libuv.so.1

