$require base-systemd.lst

$dir /lib/firmware
$require kbd-minimal.lst

$package dosfstools
$package parted
$require grub.lst

$mkdir /boot/grub
$copy resource/walbrix/grub.cfg /boot/grub/grub.cfg
$copy resource/walbrix/background.png /boot/grub/

# hwids
/bin/sed
/usr/sbin/lspci
/usr/share/misc/pci.ids.gz
/usr/share/misc/usb.ids.gz

$sed /boot/grub/grub.cfg "s/__VERSION__/$WALBRIX_VERSION/g"

$require wireless-tools.lst
$write /etc/hostapd/hostapd.conf 'interface=wlan0\nbridge=xenbr0\n#driver=nl80211\nhw_mode=g\nssid=walbrix-ap\nwpa_passphrase=secret\nwpa=2\n#channel=11\nwpa_key_mgmt=WPA-PSK\nwpa_pairwise=CCMP'
$copy resource/walbrix/hostapd@.service /lib/systemd/system/hostapd@.service

$package app-misc/ca-certificates
$package app-misc/mime-types
$package app-misc/pax-utils
$require openssl.lst
#$package sys-apps/haveged

$write /etc/hostname WBFREE01

# tools
$package screen
$require sudo.lst
/usr/bin/ftp
/usr/bin/stress
$package app-editors/bvi
$package app-admin/sysstat
$package app-crypt/chntpw
$package sys-process/lsof
#$require ansible.lst

# hardware
/etc/udev/hwdb.bin
/usr/bin/beep
#/usr/bin/cpuid2cpuflags
$package usbutils
$package lm-sensors
$package lshw
$package sys-apps/dmidecode
$package sys-apps/smartmontools
$require usb_modeswitch.lst
$require bluez.lst
$package sys-block/megacli
#$copy walbrix/arcconf /opt/bin/arcconf
$package sys-power/cpupower
#$require nut.lst
#$require omronups.lst
$require libqmi.lst
$package net-misc/modemmanager
#$require gpsd.lst # it still needs python2.7
$copy resource/walbrix/77-mm-docomo-l-03f.rules /lib/udev/rules.d/

# storage/filesystems
/usr/bin/lsscsi
$require nfs.lst
$package sys-fs/multipath-tools
$require xfsprogs.lst
$package sys-fs/btrfs-progs
$package sys-fs/e2fsprogs
/usr/bin/compsize
$package sys-fs/squashfs-tools
$package sys-fs/exfat-utils
$package net-fs/cifs-utils --use="-acl -ads -caps"
#$package sys-fs/xfsdump
$require ntfs3g.lst
$require cryptsetup.lst
$package sys-block/nbd
$require sg3_utils.lst
$package sys-apps/hdparm
$require ddrescue.lst
$package sys-fs/safecopy
$package app-admin/testdisk --use="ntfs"
$package sys-apps/gptfdisk
$package app-backup/fsarchiver
#$require s3fs.lst
$package sys-apps/cciss_vol_status
$require drbd.lst
#$patch /etc/xen/scripts/block-drbd xen/block-drbd.patch
$require open-iscsi.lst
$package sys-fs/bcache-tools

# MDADM
$package sys-fs/mdadm
$exec "systemctl enable mdmonitor"

# LVM
#$package sys-block/thin-provisioning-tools
$package sys-fs/lvm2
$sed /etc/lvm/lvm.conf 's/snapshot_autoextend_threshold = 100/snapshot_autoextend_threshold = 80/'
$sed /etc/lvm/lvm.conf 's/use_lvmetad = 0/use_lvmetad = 1/'
$exec "systemctl enable lvm2-lvmetad.socket"

# networks
$package net-analyzer/traceroute
$require iptables.lst
/usr/bin/cu
/usr/bin/curl
/sbin/brctl
$package net-dns/bind-tools
$package net-analyzer/traceroute
$require rp-pppoe.lst
$package net-misc/wget
$require nmap.lst
$package net-analyzer/netcat
$package net-firewall/ipset
$package net-misc/wakeonlan
$package net-misc/ifenslave
$package net-misc/vconfig
$package net-misc/whois
$package sys-apps/ethtool
$package net-analyzer/snort
$package net-dns/dnsmasq
$require ssmtp.lst
$require smbclient.lst
$package net-analyzer/net-snmp
/usr/bin/iperf3

$write /etc/systemd/network/49-xenbr0.netdev "[NetDev]\nName=xenbr0\nKind=bridge"
$write /etc/systemd/network/50-eth0.network "[Match]\nName=eth0\n[Network]\nBridge=xenbr0"
$write /etc/systemd/network/52-xenbr0.network "[Match]\nName=xenbr0\n[Network]\nDHCP=yes\nMulticastDNS=yes\nLLMNR=yes"

# complementary PPP configs
$mkdir /etc/ppp/chatscripts
$copy resource/ppp/chatscript-3g /etc/ppp/chatscripts/3g
$mkdir /etc/ppp/peers
$copy resource/ppp/peer-mineo-d /etc/ppp/peers/mineo-d
$copy resource/ppp/peer-mineo-a /etc/ppp/peers/mineo-a
$copy resource/ppp/peer-interlink /etc/ppp/peers/interlink
$copy resource/ppp/peer-soracom-air /etc/ppp/peers/soracom-air
$copy resource/ppp/ip-up.route.sh /etc/ppp/ip-up.d/route.sh
$copy resource/ppp/ip-down.route.sh /etc/ppp/ip-down.d/route.sh
$copy resource/ppp/connect-ppp /usr/sbin/
$copy resource/ppp/modem-candidates /etc/ppp/modem-candidates
$write /lib/systemd/system/ppp@.service '[Unit]\nDescription=PPP link to %I\nBefore=network.target\n\n[Service]\nRestart=on-failure\nRestartSec=180s\nExecStart=/usr/sbin/connect-ppp %I\n\n[Install]\nWantedBy=multi-user.target'

# wireless
$package net-wireless/wpa_supplicant
$sed /lib/systemd/system/wpa_supplicant@.service 's/-i%I$/-i%I -Dnl80211,wext/'
$write /etc/wpa_supplicant/wpa_supplicant-wlan0.conf 'network={\nscan_ssid=1\nssid="YOUR-SSID"\npsk="YOUR-KEY"\npriority=1\n}'

# extend nf_conntrack capacity
$write --append /etc/sysctl.conf 'net.nf_conntrack_max = 65536'

$require timezone-jp.lst
$write /etc/locale.conf "LANG=ja_JP.utf8"
$write /etc/vconsole.conf "KEYMAP=jp106"
$mkdir /etc/X11/xorg.conf.d
$write /etc/X11/xorg.conf.d/00-keyboard.conf 'Section "InputClass"\n\tIdentifier "system-keyboard"\n\tMatchIsKeyboard "on"\n\tOption "XkbLayout" "jp"\n\tOption "XkbModel" "jp106"\n\tOption "XkbOptions" "terminate:ctrl_alt_bksp"\nEndSection'

$require xen-python3.lst
$sed /etc/sysconfig/xendomains 's/^\(XENDOMAINS_SAVE=.*\)$/#\1/'

# VPN
$require openvpn.lst
$copy resource/walbrix/ca.crt /etc/openvpn/client/ca.crt
$copy resource/walbrix/openvpn.conf /etc/openvpn/client/openvpn.conf

# node
$require ts-node.lst

# backup cron scripts
#$mkdir /etc/wb
#$write /etc/wb/backup "#BACKUP_ROOT=rsync://backup.local/backup"
#$copy walbrix/backup /etc/cron.daily/backup
#$symlink /etc/cron.weekly/backup ../cron.daily/backup
#$symlink /etc/cron.monthly/backup ../cron.daily/backup

# alert cron scripts
#$write /etc/wb/alert "#ALERT_RECIPIENT=your@email.address"
#$copy walbrix/megaraid_alert /etc/cron.hourly/megaraid-alert

# system services
$require zabbix-agent.lst
$require zabbix-proxy.lst
$package dev-vcs/git
$package sys-block/zram-init
$exec "systemctl enable zram_swap"

$require kmscon.lst
#$exec "rm /lib/systemd/system/autovt\@.service"
#$symlink /lib/systemd/system/autovt@.service kmsconvt@.service
$exec "systemctl disable getty@tty1"
$exec "systemctl enable kmsconvt@tty1"
$mkdir /etc/systemd/system/kmsconvt@tty1.service.d
$write /etc/systemd/system/kmsconvt@tty1.service.d/walbrix.conf '[Service]\nExecStart=\nExecStart=/usr/bin/kmscon --login "--vt=%I" --seats=seat0 --no-switchvt -- /usr/sbin/wb login\nRestart=always'
#$mkdir /etc/systemd/system/getty@tty1.service.d
#$write /etc/systemd/system/getty@tty1.service.d/walbrix.conf '[Unit]\nConditionPathExists=!/dev/fb0'
$copy resource/walbrix/installer.target /lib/systemd/system/

$copy resource/install-system-image /usr/sbin/
$copy resource/make-bootx64-iso /usr/sbin/
$copy resource/btrfs/expand-rw-layer /usr/sbin/

# wb
/usr/lib64/libgflags.so
/usr/lib64/libiniparser.so.0

$copy wb/. /tmp/
$exec --overlay "cd /tmp && make clean && make && make install"
/usr/bin/make
$copy resource/walbrix/wbdomains.service /usr/lib/systemd/system/
$exec "systemctl enable wbdomains"
$package app-misc/tmux

# self-build
$mkdir /var/db/repos/gentoo
$package sys-fs/mtools
/usr/bin/xorriso

# services preferred by installer env
$sed /lib/systemd/system/systemd-networkd.service 's/^WantedBy=multi-user.target$/WantedBy=multi-user.target installer.target/'
$sed /lib/systemd/system/systemd-resolved.service 's/^WantedBy=multi-user.target$/WantedBy=multi-user.target installer.target/'
$sed /lib/systemd/system/sshd.service 's/^WantedBy=multi-user.target$/WantedBy=multi-user.target installer.target/'
$exec "systemctl enable systemd-networkd systemd-resolved sshd"
$sed /lib/systemd/system/openvpn-client@.service 's/^WantedBy=multi-user.target$/WantedBy=multi-user.target installer.target/'
$sed /lib/systemd/system/zabbix-agentd.service 's/^WantedBy=multi-user.target$/WantedBy=multi-user.target installer.target/'

$exec --overlay "env-update"
$exec ldconfig
$touch /done
