$require python.lst

$package dev-python/lxml
$package app-emulation/xen-tools
$package app-emulation/xen-pvgrub
$package app-emulation/xen
$package app-emulation/qemu
$package sys-firmware/edk2-ovmf
$package sys-firmware/ipxe
$package sys-firmware/seabios
$package sys-firmware/sgabios
$package sys-apps/dtc

/var/lib/xen
/var/log/xen

$sed /etc/xen/scripts/vif-bridge 's/^handle_iptable$/#\0/'
$write /etc/sysctl.d/52-disable-bridge-nf-call.conf 'net.bridge.bridge-nf-call-ip6tables = 0\nnet.bridge.bridge-nf-call-iptables = 0\nnet.bridge.bridge-nf-call-arptables = 0'

$exec "systemctl enable xen-init-dom0"
$exec "systemctl enable xen-watchdog"
$exec "systemctl enable xenconsoled"
$exec "systemctl enable xendomains"
$exec "systemctl enable xenstored"

# pv(h)-grub2
$write /tmp/grub.cfg 'set root=(xen/xvda1)\nnormal (xen/xvda1)/boot/grub/grub.cfg'
$exec "grub-mkimage -c /tmp/grub.cfg -p /boot/grub -o /usr/libexec/xen/boot/pv-grub2-x86_64 -O x86_64-xen loopback xfs btrfs linux echo test gzio xzio probe configfile cpuid minicmd squash4 lsxen && gzip /usr/libexec/xen/boot/pv-grub2-x86_64"
$exec "grub-mkimage -c /tmp/grub.cfg -p /boot/grub -o /usr/libexec/xen/boot/pvh-grub2-x86_64 -O i386-xen_pvh loopback xfs btrfs linux echo test gzio xzio probe configfile cpuid minicmd squash4 && gzip /usr/libexec/xen/boot/pvh-grub2-x86_64"

# some scripts need perl
/usr/bin/perl

